Component: ARM Compiler 5.06 update 4 (build 422) Tool: armlink [4d35d2]

==============================================================================

Section Cross References

    startup_stm32f429_439xx.o(RESET) refers to startup_stm32f429_439xx.o(STACK) for __initial_sp
    startup_stm32f429_439xx.o(RESET) refers to startup_stm32f429_439xx.o(.text) for Reset_Handler
    startup_stm32f429_439xx.o(RESET) refers to stm32f4xx_it.o(.text) for NMI_Handler
    startup_stm32f429_439xx.o(RESET) refers to main.o(.text) for UART5_IRQHandler
    startup_stm32f429_439xx.o(RESET) refers to tm_stm32f4_emwin.o(.text) for LTDC_IRQHandler
    startup_stm32f429_439xx.o(.text) refers to system_stm32f4xx.o(.text) for SystemInit
    startup_stm32f429_439xx.o(.text) refers to entry.o(.ARM.Collect$$$$00000000) for __main
    stm32f4xx_rcc.o(.text) refers to stm32f4xx_rcc.o(.data) for .data
    stm32f4xx_gpio.o(.text) refers to stm32f4xx_rcc.o(.text) for RCC_AHB1PeriphResetCmd
    stm32f4xx_adc.o(.text) refers to stm32f4xx_rcc.o(.text) for RCC_APB2PeriphResetCmd
    stm32f4xx_can.o(.text) refers to stm32f4xx_rcc.o(.text) for RCC_APB1PeriphResetCmd
    stm32f4xx_cryp.o(.text) refers to stm32f4xx_rcc.o(.text) for RCC_AHB2PeriphResetCmd
    stm32f4xx_usart.o(.text) refers to stm32f4xx_rcc.o(.text) for RCC_APB2PeriphResetCmd
    stm32f4xx_cryp_aes.o(.text) refers to stm32f4xx_cryp.o(.text) for CRYP_KeyStructInit
    stm32f4xx_cryp_des.o(.text) refers to stm32f4xx_cryp.o(.text) for CRYP_KeyStructInit
    stm32f4xx_cryp_tdes.o(.text) refers to stm32f4xx_cryp.o(.text) for CRYP_KeyStructInit
    stm32f4xx_dac.o(.text) refers to stm32f4xx_rcc.o(.text) for RCC_APB1PeriphResetCmd
    stm32f4xx_dma2d.o(.text) refers to stm32f4xx_rcc.o(.text) for RCC_AHB1PeriphResetCmd
    stm32f4xx_fmc.o(.text) refers to stm32f4xx_fmc.o(.constdata) for .constdata
    stm32f4xx_hash.o(.text) refers to stm32f4xx_rcc.o(.text) for RCC_AHB2PeriphResetCmd
    stm32f4xx_hash_md5.o(.text) refers to stm32f4xx_hash.o(.text) for HASH_DeInit
    stm32f4xx_hash_sha1.o(.text) refers to stm32f4xx_hash.o(.text) for HASH_DeInit
    stm32f4xx_i2c.o(.text) refers to stm32f4xx_rcc.o(.text) for RCC_APB1PeriphResetCmd
    stm32f4xx_ltdc.o(.text) refers to stm32f4xx_rcc.o(.text) for RCC_APB2PeriphResetCmd
    stm32f4xx_pwr.o(.text) refers to stm32f4xx_rcc.o(.text) for RCC_APB1PeriphResetCmd
    stm32f4xx_rng.o(.text) refers to stm32f4xx_rcc.o(.text) for RCC_AHB2PeriphResetCmd
    stm32f4xx_sai.o(.text) refers to stm32f4xx_rcc.o(.text) for RCC_APB2PeriphResetCmd
    stm32f4xx_sdio.o(.text) refers to stm32f4xx_rcc.o(.text) for RCC_APB2PeriphResetCmd
    stm32f4xx_spi.o(.text) refers to stm32f4xx_rcc.o(.text) for RCC_APB1PeriphResetCmd
    stm32f4xx_syscfg.o(.text) refers to stm32f4xx_rcc.o(.text) for RCC_APB2PeriphResetCmd
    stm32f4xx_tim.o(.text) refers to stm32f4xx_rcc.o(.text) for RCC_APB2PeriphResetCmd
    stm32f4xx_wwdg.o(.text) refers to stm32f4xx_rcc.o(.text) for RCC_APB1PeriphResetCmd
    tm_stm32f4_delay.o(.text) refers (Weak) to main.o(.text) for TM_DELAY_1msHandler
    tm_stm32f4_delay.o(.text) refers to malloc.o(i.malloc) for malloc
    tm_stm32f4_delay.o(.text) refers to malloc.o(i.free) for free
    tm_stm32f4_delay.o(.text) refers to tm_stm32f4_delay.o(.data) for .data
    tm_stm32f4_delay.o(.text) refers to tm_stm32f4_delay.o(.bss) for .bss
    tm_stm32f4_delay.o(.text) refers to system_stm32f4xx.o(.data) for SystemCoreClock
    tm_stm32f4_disco.o(.text) refers to tm_stm32f4_gpio.o(.text) for TM_GPIO_Init
    tm_stm32f4_disco.o(.text) refers to tm_stm32f4_disco.o(.data) for .data
    tm_stm32f4_gpio.o(.text) refers to tm_stm32f4_gpio.o(.bss) for .bss
    tm_stm32f4_emwin.o(.text) refers to stm32f4xx_rcc.o(.text) for RCC_AHB1PeriphClockCmd
    tm_stm32f4_emwin.o(.text) refers to tm_stm32f4_delay.o(.text) for TM_DELAY_Init
    tm_stm32f4_emwin.o(.text) refers to tm_stm32f4_ili9341_ltdc.o(.text) for TM_ILI9341_Init
    tm_stm32f4_emwin.o(.text) refers to tm_stm32f4_stmpe811.o(.text) for TM_STMPE811_Init
    tm_stm32f4_emwin.o(.text) refers to gui_core.o(i.GUI_Init) for GUI_Init
    tm_stm32f4_emwin.o(.text) refers to gui_exec.o(i.GUI_Exec) for GUI_Exec
    tm_stm32f4_emwin.o(.text) refers to gui_setorientation.o(i.GUI_SetOrientation) for GUI_SetOrientation
    tm_stm32f4_emwin.o(.text) refers to gui_touch.o(i.GUI_TOUCH_StoreStateEx) for GUI_TOUCH_StoreStateEx
    tm_stm32f4_emwin.o(.text) refers to guidrv_stm32f429i_discovery.o(.text) for LTDC_ISR_Handler
    tm_stm32f4_emwin.o(.text) refers to tm_stm32f4_emwin.o(.data) for .data
    tm_stm32f4_emwin.o(.text) refers to tm_stm32f4_emwin.o(.bss) for .bss
    tm_stm32f4_fonts.o(.text) refers to strlen.o(.text) for strlen
    tm_stm32f4_fonts.o(.data) refers to tm_stm32f4_fonts.o(.constdata) for TM_Font7x10
    tm_stm32f4_fonts.o(.data) refers to tm_stm32f4_fonts.o(.constdata) for TM_Font11x18
    tm_stm32f4_fonts.o(.data) refers to tm_stm32f4_fonts.o(.constdata) for TM_Font16x26
[...]
    0x08014a6c   0x00000010   Data   RO         2416    .constdata          STemWin522_CM4_Keil.lib(f16b_ascii.o)
    0x08014a7c   0x00000020   Data   RO         2417    .constdata          STemWin522_CM4_Keil.lib(f16b_ascii.o)
    0x08014a9c   0x00000020   Data   RO         2418    .constdata          STemWin522_CM4_Keil.lib(f16b_ascii.o)
    0x08014abc   0x00000020   Data   RO         2419    .constdata          STemWin522_CM4_Keil.lib(f16b_ascii.o)
    0x08014adc   0x00000020   Data   RO         2420    .constdata          STemWin522_CM4_Keil.lib(f16b_ascii.o)
    0x08014afc   0x00000020   Data   RO         2421    .constdata          STemWin522_CM4_Keil.lib(f16b_ascii.o)
    0x08014b1c   0x00000020   Data   RO         2422    .constdata          STemWin522_CM4_Keil.lib(f16b_ascii.o)
    0x08014b3c   0x00000020   Data   RO         2423    .constdata          STemWin522_CM4_Keil.lib(f16b_ascii.o)
    0x08014b5c   0x00000010   Data   RO         2424    .constdata          STemWin522_CM4_Keil.lib(f16b_ascii.o)
    0x08014b6c   0x00000020   Data   RO         2425    .constdata          STemWin522_CM4_Keil.lib(f16b_ascii.o)
    0x08014b8c   0x00000020   Data   RO         2426    .constdata          STemWin522_CM4_Keil.lib(f16b_ascii.o)
    0x08014bac   0x00000020   Data   RO         2427    .constdata          STemWin522_CM4_Keil.lib(f16b_ascii.o)
    0x08014bcc   0x00000020   Data   RO         2428    .constdata          STemWin522_CM4_Keil.lib(f16b_ascii.o)
    0x08014bec   0x00000010   Data   RO         2429    .constdata          STemWin522_CM4_Keil.lib(f16b_ascii.o)
    0x08014bfc   0x00000010   Data   RO         2430    .constdata          STemWin522_CM4_Keil.lib(f16b_ascii.o)
    0x08014c0c   0x00000010   Data   RO         2431    .constdata          STemWin522_CM4_Keil.lib(f16b_ascii.o)
    0x08014c1c   0x00000010   Data   RO         2432    .constdata          STemWin522_CM4_Keil.lib(f16b_ascii.o)
    0x08014c2c   0x00000010   Data   RO         2433    .constdata          STemWin522_CM4_Keil.lib(f16b_ascii.o)
    0x08014c3c   0x00000010   Data   RO         2434    .constdata          STemWin522_CM4_Keil.lib(f16b_ascii.o)
    0x08014c4c   0x00000010   Data   RO         2435    .constdata          STemWin522_CM4_Keil.lib(f16b_ascii.o)
    0x08014c5c   0x00000010   Data   RO         2436    .constdata          STemWin522_CM4_Keil.lib(f16b_ascii.o)
    0x08014c6c   0x00000010   Data   RO         2437    .constdata          STemWin522_CM4_Keil.lib(f16b_ascii.o)
    0x08014c7c   0x00000010   Data   RO         2438    .constdata          STemWin522_CM4_Keil.lib(f16b_ascii.o)
    0x08014c8c   0x00000010   Data   RO         2439    .constdata          STemWin522_CM4_Keil.lib(f16b_ascii.o)
    0x08014c9c   0x00000010   Data   RO         2440    .constdata          STemWin522_CM4_Keil.lib(f16b_ascii.o)
    0x08014cac   0x00000010   Data   RO         2441    .constdata          STemWin522_CM4_Keil.lib(f16b_ascii.o)
    0x08014cbc   0x00000010   Data   RO         2442    .constdata          STemWin522_CM4_Keil.lib(f16b_ascii.o)
    0x08014ccc   0x00000010   Data   RO         2443    .constdata          STemWin522_CM4_Keil.lib(f16b_ascii.o)
    0x08014cdc   0x00000010   Data   RO         2444    .constdata          STemWin522_CM4_Keil.lib(f16b_ascii.o)
    0x08014cec   0x00000010   Data   RO         2445    .constdata          STemWin522_CM4_Keil.lib(f16b_ascii.o)
    0x08014cfc   0x00000010   Data   RO         2446    .constdata          STemWin522_CM4_Keil.lib(f16b_ascii.o)
    0x08014d0c   0x00000010   Data   RO         2447    .constdata          STemWin522_CM4_Keil.lib(f16b_ascii.o)
    0x08014d1c   0x00000010   Data   RO         2448    .constdata          STemWin522_CM4_Keil.lib(f16b_ascii.o)
    0x08014d2c   0x00000020   Data   RO         2449    .constdata          STemWin522_CM4_Keil.lib(f16b_ascii.o)
    0x08014d4c   0x00000010   Data   RO         2450    .constdata          STemWin522_CM4_Keil.lib(f16b_ascii.o)
    0x08014d5c   0x00000010   Data   RO         2451    .constdata          STemWin522_CM4_Keil.lib(f16b_ascii.o)
    0x08014d6c   0x00000010   Data   RO         2452    .constdata          STemWin522_CM4_Keil.lib(f16b_ascii.o)
    0x08014d7c   0x00000010   Data   RO         2453    .constdata          STemWin522_CM4_Keil.lib(f16b_ascii.o)
    0x08014d8c   0x00000010   Data   RO         2454    .constdata          STemWin522_CM4_Keil.lib(f16b_ascii.o)
    0x08014d9c   0x00000010   Data   RO         2455    .constdata          STemWin522_CM4_Keil.lib(f16b_ascii.o)
    0x08014dac   0x00000010   Data   RO         2456    .constdata          STemWin522_CM4_Keil.lib(f16b_ascii.o)
    0x08014dbc   0x00000010   Data   RO         2457    .constdata          STemWin522_CM4_Keil.lib(f16b_ascii.o)
    0x08014dcc   0x00000010   Data   RO         2458    .constdata          STemWin522_CM4_Keil.lib(f16b_ascii.o)
    0x08014ddc   0x00000020   Data   RO         2459    .constdata          STemWin522_CM4_Keil.lib(f16b_ascii.o)
    0x08014dfc   0x00000010   Data   RO         2460    .constdata          STemWin522_CM4_Keil.lib(f16b_ascii.o)
    0x08014e0c   0x00000010   Data   RO         2461    .constdata          STemWin522_CM4_Keil.lib(f16b_ascii.o)
    0x08014e1c   0x00000010   Data   RO         2462    .constdata          STemWin522_CM4_Keil.lib(f16b_ascii.o)
    0x08014e2c   0x00000010   Data   RO         2463    .constdata          STemWin522_CM4_Keil.lib(f16b_ascii.o)
    0x08014e3c   0x00000010   Data   RO         2464    .constdata          STemWin522_CM4_Keil.lib(f16b_ascii.o)
    0x08014e4c   0x00000010   Data   RO         2465    .constdata          STemWin522_CM4_Keil.lib(f16b_ascii.o)
    0x08014e5c   0x00000010   Data   RO         2466    .constdata          STemWin522_CM4_Keil.lib(f16b_ascii.o)
    0x08014e6c   0x000002f8   Data   RO         2467    .constdata          STemWin522_CM4_Keil.lib(f16b_ascii.o)
    0x08015164   0x0000000c   Data   RO         2468    .constdata          STemWin522_CM4_Keil.lib(f16b_ascii.o)
    0x08015170   0x00000024   Data   RO         2469    .constdata          STemWin522_CM4_Keil.lib(f16b_ascii.o)
    0x08015194   0x00000014   Data   RO         2470    .constdata          STemWin522_CM4_Keil.lib(f20_1.o)
    0x080151a8   0x00000014   Data   RO         2471    .constdata          STemWin522_CM4_Keil.lib(f20_1.o)
    0x080151bc   0x00000028   Data   RO         2472    .constdata          STemWin522_CM4_Keil.lib(f20_1.o)
    0x080151e4   0x00000028   Data   RO         2473    .constdata          STemWin522_CM4_Keil.lib(f20_1.o)
    0x0801520c   0x00000028   Data   RO         2474    .constdata          STemWin522_CM4_Keil.lib(f20_1.o)
    0x08015234   0x00000028   Data   RO         2475    .constdata          STemWin522_CM4_Keil.lib(f20_1.o)
    0x0801525c   0x00000014   Data   RO         2476    .constdata          STemWin522_CM4_Keil.lib(f20_1.o)
    0x08015270   0x00000028   Data   RO         2477    .constdata          STemWin522_CM4_Keil.lib(f20_1.o)
    0x08015298   0x00000014   Data   RO         2478    .constdata          STemWin522_CM4_Keil.lib(f20_1.o)
    0x080152ac   0x00000028   Data   RO         2479    .constdata          STemWin522_CM4_Keil.lib(f20_1.o)
    0x080152d4   0x00000014   Data   RO         2480    .constdata          STemWin522_CM4_Keil.lib(f20_1.o)
    0x080152e8   0x00000028   Data   RO         2481    .constdata          STemWin522_CM4_Keil.lib(f20_1.o)
    0x08015310   0x00000028   Data   RO         2482    .constdata          STemWin522_CM4_Keil.lib(f20_1.o)
    0x08015338   0x00000014   Data   RO         2483    .constdata          STemWin522_CM4_Keil.lib(f20_1.o)
    0x0801534c   0x00000028   Data   RO         2484    .constdata          STemWin522_CM4_Keil.lib(f20_1.o)
    0x08015374   0x00000028   Data   RO         2485    .constdata          STemWin522_CM4_Keil.lib(f20_1.o)
    0x0801539c   0x00000014   Data   RO         2486    .constdata          STemWin522_CM4_Keil.lib(f20_1.o)
    0x080153b0   0x00000028   Data   RO         2487    .constdata          STemWin522_CM4_Keil.lib(f20_1.o)
    0x080153d8   0x00000014   Data   RO         2488    .constdata          STemWin522_CM4_Keil.lib(f20_1.o)
    0x080153ec   0x00000014   Data   RO         2489    .constdata          STemWin522_CM4_Keil.lib(f20_1.o)
    0x08015400   0x00000014   Data   RO         2490    .constdata          STemWin522_CM4_Keil.lib(f20_1.o)
    0x08015414   0x00000028   Data   RO         2491    .constdata          STemWin522_CM4_Keil.lib(f20_1.o)
    0x0801543c   0x00000028   Data   RO         2492    .constdata          STemWin522_CM4_Keil.lib(f20_1.o)
    0x08015464   0x00000014   Data   RO         2493    .constdata          STemWin522_CM4_Keil.lib(f20_1.o)
    0x08015478   0x00000014   Data   RO         2494    .constdata          STemWin522_CM4_Keil.lib(f20_1.o)
    0x0801548c   0x00000014   Data   RO         2495    .constdata          STemWin522_CM4_Keil.lib(f20_1.o)
    0x080154a0   0x00000014   Data   RO         2496    .constdata          STemWin522_CM4_Keil.lib(f20_1.o)
    0x080154b4   0x00000028   Data   RO         2497    .constdata          STemWin522_CM4_Keil.lib(f20_1.o)
    0x080154dc   0x00000028   Data   RO         2498    .constdata          STemWin522_CM4_Keil.lib(f20_1.o)
    0x08015504   0x00000028   Data   RO         2499    .constdata          STemWin522_CM4_Keil.lib(f20_1.o)
    0x0801552c   0x00000028   Data   RO         2500    .constdata          STemWin522_CM4_Keil.lib(f20_1.o)
    0x08015554   0x00000028   Data   RO         2501    .constdata          STemWin522_CM4_Keil.lib(f20_1.o)
    0x0801557c   0x00000028   Data   RO         2502    .constdata          STemWin522_CM4_Keil.lib(f20_1.o)
    0x080155a4   0x00000028   Data   RO         2503    .constdata          STemWin522_CM4_Keil.lib(f20_1.o)
    0x080155cc   0x00000028   Data   RO         2504    .constdata          STemWin522_CM4_Keil.lib(f20_1.o)
    0x080155f4   0x00000028   Data   RO         2505    .constdata          STemWin522_CM4_Keil.lib(f20_1.o)
    0x0801561c   0x00000028   Data   RO         2506    .constdata          STemWin522_CM4_Keil.lib(f20_1.o)
    0x08015644   0x00000028   Data   RO         2507    .constdata          STemWin522_CM4_Keil.lib(f20_1.o)
    0x0801566c   0x0000003c   Data   RO         2508    .constdata          STemWin522_CM4_Keil.lib(f20_1.o)
    0x080156a8   0x00000028   Data   RO         2509    .constdata          STemWin522_CM4_Keil.lib(f20_1.o)
    0x080156d0   0x00000028   Data   RO         2510    .constdata          STemWin522_CM4_Keil.lib(f20_1.o)
    0x080156f8   0x00000028   Data   RO         2511    .constdata          STemWin522_CM4_Keil.lib(f20_1.o)
    0x08015720   0x00000028   Data   RO         2512    .constdata          STemWin522_CM4_Keil.lib(f20_1.o)
    0x08015748   0x00000028   Data   RO         2513    .constdata          STemWin522_CM4_Keil.lib(f20_1.o)
    0x08015770   0x00000014   Data   RO         2514    .constdata          STemWin522_CM4_Keil.lib(f20_1.o)
    0x08015784   0x00000014   Data   RO         2515    .constdata          STemWin522_CM4_Keil.lib(f20_1.o)
    0x08015798   0x00000014   Data   RO         2516    .constdata          STemWin522_CM4_Keil.lib(f20_1.o)
    0x080157ac   0x00000014   Data   RO         2517    .constdata          STemWin522_CM4_Keil.lib(f20_1.o)
    0x080157c0   0x00000028   Data   RO         2518    .constdata          STemWin522_CM4_Keil.lib(f20_1.o)
    0x080157e8   0x00000028   Data   RO         2519    .constdata          STemWin522_CM4_Keil.lib(f20_1.o)
    0x08015810   0x00000028   Data   RO         2520    .constdata          STemWin522_CM4_Keil.lib(f20_1.o)
    0x08015838   0x00000028   Data   RO         2521    .constdata          STemWin522_CM4_Keil.lib(f20_1.o)
    0x08015860   0x00000028   Data   RO         2522    .constdata          STemWin522_CM4_Keil.lib(f20_1.o)
    0x08015888   0x00000028   Data   RO         2523    .constdata          STemWin522_CM4_Keil.lib(f20_1.o)
    0x080158b0   0x00000028   Data   RO         2524    .constdata          STemWin522_CM4_Keil.lib(f20_1.o)
    0x080158d8   0x00000028   Data   RO         2525    .constdata          STemWin522_CM4_Keil.lib(f20_1.o)
    0x08015900   0x00000028   Data   RO         2526    .constdata          STemWin522_CM4_Keil.lib(f20_1.o)
    0x08015928   0x00000028   Data   RO         2527    .constdata          STemWin522_CM4_Keil.lib(f20_1.o)
    0x08015950   0x00000028   Data   RO         2528    .constdata          STemWin522_CM4_Keil.lib(f20_1.o)
    0x08015978   0x00000028   Data   RO         2529    .constdata          STemWin522_CM4_Keil.lib(f20_1.o)
    0x080159a0   0x00000028   Data   RO         2530    .constdata          STemWin522_CM4_Keil.lib(f20_1.o)
    0x080159c8   0x00000028   Data   RO         2531    .constdata          STemWin522_CM4_Keil.lib(f20_1.o)
    0x080159f0   0x00000028   Data   RO         2532    .constdata          STemWin522_CM4_Keil.lib(f20_1.o)
    0x08015a18   0x00000028   Data   RO         2533    .constdata          STemWin522_CM4_Keil.lib(f20_1.o)
    0x08015a40   0x00000028   Data   RO         2534    .constdata          STemWin522_CM4_Keil.lib(f20_1.o)
    0x08015a68   0x00000028   Data   RO         2535    .constdata          STemWin522_CM4_Keil.lib(f20_1.o)
    0x08015a90   0x00000028   Data   RO         2536    .constdata          STemWin522_CM4_Keil.lib(f20_1.o)
    0x08015ab8   0x00000028   Data   RO         2537    .constdata          STemWin522_CM4_Keil.lib(f20_1.o)
    0x08015ae0   0x00000028   Data   RO         2538    .constdata          STemWin522_CM4_Keil.lib(f20_1.o)
    0x08015b08   0x00000028   Data   RO         2539    .constdata          STemWin522_CM4_Keil.lib(f20_1.o)
    0x08015b30   0x00000028   Data   RO         2540    .constdata          STemWin522_CM4_Keil.lib(f20_1.o)
    0x08015b58   0x00000028   Data   RO         2541    .constdata          STemWin522_CM4_Keil.lib(f20_1.o)
    0x08015b80   0x00000028   Data   RO         2542    .constdata          STemWin522_CM4_Keil.lib(f20_1.o)
    0x08015ba8   0x00000028   Data   RO         2543    .constdata          STemWin522_CM4_Keil.lib(f20_1.o)
    0x08015bd0   0x00000028   Data   RO         2544    .constdata          STemWin522_CM4_Keil.lib(f20_1.o)
    0x08015bf8   0x00000028   Data   RO         2545    .constdata          STemWin522_CM4_Keil.lib(f20_1.o)
    0x08015c20   0x00000014   Data   RO         2546    .constdata          STemWin522_CM4_Keil.lib(f20_1.o)
    0x08015c34   0x00000014   Data   RO         2547    .constdata          STemWin522_CM4_Keil.lib(f20_1.o)
    0x08015c48   0x00000014   Data   RO         2548    .constdata          STemWin522_CM4_Keil.lib(f20_1.o)
    0x08015c5c   0x00000014   Data   RO         2549    .constdata          STemWin522_CM4_Keil.lib(f20_1.o)
    0x08015c70   0x00000028   Data   RO         2550    .constdata          STemWin522_CM4_Keil.lib(f20_1.o)
    0x08015c98   0x00000028   Data   RO         2551    .constdata          STemWin522_CM4_Keil.lib(f20_1.o)
    0x08015cc0   0x00000028   Data   RO         2552    .constdata          STemWin522_CM4_Keil.lib(f20_1.o)
    0x08015ce8   0x00000028   Data   RO         2553    .constdata          STemWin522_CM4_Keil.lib(f20_1.o)
    0x08015d10   0x00000028   Data   RO         2554    .constdata          STemWin522_CM4_Keil.lib(f20_1.o)
    0x08015d38   0x00000028   Data   RO         2555    .constdata          STemWin522_CM4_Keil.lib(f20_1.o)
    0x08015d60   0x00000028   Data   RO         2556    .constdata          STemWin522_CM4_Keil.lib(f20_1.o)
    0x08015d88   0x00000028   Data   RO         2557    .constdata          STemWin522_CM4_Keil.lib(f20_1.o)
    0x08015db0   0x00000028   Data   RO         2558    .constdata          STemWin522_CM4_Keil.lib(f20_1.o)
    0x08015dd8   0x00000028   Data   RO         2559    .constdata          STemWin522_CM4_Keil.lib(f20_1.o)
    0x08015e00   0x00000028   Data   RO         2560    .constdata          STemWin522_CM4_Keil.lib(f20_1.o)
    0x08015e28   0x00000028   Data   RO         2561    .constdata          STemWin522_CM4_Keil.lib(f20_1.o)
    0x08015e50   0x00000028   Data   RO         2562    .constdata          STemWin522_CM4_Keil.lib(f20_1.o)
    0x08015e78   0x00000028   Data   RO         2563    .constdata          STemWin522_CM4_Keil.lib(f20_1.o)
    0x08015ea0   0x00000028   Data   RO         2564    .constdata          STemWin522_CM4_Keil.lib(f20_1.o)
    0x08015ec8   0x00000028   Data   RO         2565    .constdata          STemWin522_CM4_Keil.lib(f20_1.o)
    0x08015ef0   0x00000300   Data   RO         2566    .constdata          STemWin522_CM4_Keil.lib(f20_1.o)
    0x080161f0   0x0000000c   Data   RO         2567    .constdata          STemWin522_CM4_Keil.lib(f20_1.o)
    0x080161fc   0x0000000c   Data   RO         2568    .constdata          STemWin522_CM4_Keil.lib(f20_1.o)
    0x08016208   0x00000024   Data   RO         2569    .constdata          STemWin522_CM4_Keil.lib(f20_1.o)
    0x0801622c   0x00000014   Data   RO         2570    .constdata          STemWin522_CM4_Keil.lib(f20_ascii.o)
    0x08016240   0x00000014   Data   RO         2571    .constdata          STemWin522_CM4_Keil.lib(f20_ascii.o)
    0x08016254   0x00000014   Data   RO         2572    .constdata          STemWin522_CM4_Keil.lib(f20_ascii.o)
    0x08016268   0x00000028   Data   RO         2573    .constdata          STemWin522_CM4_Keil.lib(f20_ascii.o)
    0x08016290   0x00000028   Data   RO         2574    .constdata          STemWin522_CM4_Keil.lib(f20_ascii.o)
    0x080162b8   0x00000028   Data   RO         2575    .constdata          STemWin522_CM4_Keil.lib(f20_ascii.o)
    0x080162e0   0x00000028   Data   RO         2576    .constdata          STemWin522_CM4_Keil.lib(f20_ascii.o)
    0x08016308   0x00000014   Data   RO         2577    .constdata          STemWin522_CM4_Keil.lib(f20_ascii.o)
    0x0801631c   0x00000014   Data   RO         2578    .constdata          STemWin522_CM4_Keil.lib(f20_ascii.o)
    0x08016330   0x00000014   Data   RO         2579    .constdata          STemWin522_CM4_Keil.lib(f20_ascii.o)
    0x08016344   0x00000014   Data   RO         2580    .constdata          STemWin522_CM4_Keil.lib(f20_ascii.o)
    0x08016358   0x00000028   Data   RO         2581    .constdata          STemWin522_CM4_Keil.lib(f20_ascii.o)
    0x08016380   0x00000014   Data   RO         2582    .constdata          STemWin522_CM4_Keil.lib(f20_ascii.o)
    0x08016394   0x00000014   Data   RO         2583    .constdata          STemWin522_CM4_Keil.lib(f20_ascii.o)
    0x080163a8   0x00000014   Data   RO         2584    .constdata          STemWin522_CM4_Keil.lib(f20_ascii.o)
    0x080163bc   0x00000014   Data   RO         2585    .constdata          STemWin522_CM4_Keil.lib(f20_ascii.o)
    0x080163d0   0x00000028   Data   RO         2586    .constdata          STemWin522_CM4_Keil.lib(f20_ascii.o)
    0x080163f8   0x00000028   Data   RO         2587    .constdata          STemWin522_CM4_Keil.lib(f20_ascii.o)
    0x08016420   0x00000028   Data   RO         2588    .constdata          STemWin522_CM4_Keil.lib(f20_ascii.o)
    0x08016448   0x00000028   Data   RO         2589    .constdata          STemWin522_CM4_Keil.lib(f20_ascii.o)
    0x08016470   0x00000028   Data   RO         2590    .constdata          STemWin522_CM4_Keil.lib(f20_ascii.o)
    0x08016498   0x00000028   Data   RO         2591    .constdata          STemWin522_CM4_Keil.lib(f20_ascii.o)
    0x080164c0   0x00000028   Data   RO         2592    .constdata          STemWin522_CM4_Keil.lib(f20_ascii.o)
    0x080164e8   0x00000028   Data   RO         2593    .constdata          STemWin522_CM4_Keil.lib(f20_ascii.o)
    0x08016510   0x00000028   Data   RO         2594    .constdata          STemWin522_CM4_Keil.lib(f20_ascii.o)
    0x08016538   0x00000028   Data   RO         2595    .constdata          STemWin522_CM4_Keil.lib(f20_ascii.o)
    0x08016560   0x00000014   Data   RO         2596    .constdata          STemWin522_CM4_Keil.lib(f20_ascii.o)
    0x08016574   0x00000014   Data   RO         2597    .constdata          STemWin522_CM4_Keil.lib(f20_ascii.o)
    0x08016588   0x00000028   Data   RO         2598    .constdata          STemWin522_CM4_Keil.lib(f20_ascii.o)
    0x080165b0   0x00000028   Data   RO         2599    .constdata          STemWin522_CM4_Keil.lib(f20_ascii.o)
    0x080165d8   0x00000028   Data   RO         2600    .constdata          STemWin522_CM4_Keil.lib(f20_ascii.o)
    0x08016600   0x00000028   Data   RO         2601    .constdata          STemWin522_CM4_Keil.lib(f20_ascii.o)
    0x08016628   0x0000003c   Data   RO         2602    .constdata          STemWin522_CM4_Keil.lib(f20_ascii.o)
    0x08016664   0x00000028   Data   RO         2603    .constdata          STemWin522_CM4_Keil.lib(f20_ascii.o)
    0x0801668c   0x00000028   Data   RO         2604    .constdata          STemWin522_CM4_Keil.lib(f20_ascii.o)
    0x080166b4   0x00000028   Data   RO         2605    .constdata          STemWin522_CM4_Keil.lib(f20_ascii.o)
    0x080166dc   0x00000028   Data   RO         2606    .constdata          STemWin522_CM4_Keil.lib(f20_ascii.o)
    0x08016704   0x00000028   Data   RO         2607    .constdata          STemWin522_CM4_Keil.lib(f20_ascii.o)
    0x0801672c   0x00000028   Data   RO         2608    .constdata          STemWin522_CM4_Keil.lib(f20_ascii.o)
    0x08016754   0x00000028   Data   RO         2609    .constdata          STemWin522_CM4_Keil.lib(f20_ascii.o)
    0x0801677c   0x00000028   Data   RO         2610    .constdata          STemWin522_CM4_Keil.lib(f20_ascii.o)
    0x080167a4   0x00000014   Data   RO         2611    .constdata          STemWin522_CM4_Keil.lib(f20_ascii.o)
    0x080167b8   0x00000028   Data   RO         2612    .constdata          STemWin522_CM4_Keil.lib(f20_ascii.o)
    0x080167e0   0x00000028   Data   RO         2613    .constdata          STemWin522_CM4_Keil.lib(f20_ascii.o)
    0x08016808   0x00000028   Data   RO         2614    .constdata          STemWin522_CM4_Keil.lib(f20_ascii.o)
    0x08016830   0x00000028   Data   RO         2615    .constdata          STemWin522_CM4_Keil.lib(f20_ascii.o)
    0x08016858   0x00000028   Data   RO         2616    .constdata          STemWin522_CM4_Keil.lib(f20_ascii.o)
    0x08016880   0x00000028   Data   RO         2617    .constdata          STemWin522_CM4_Keil.lib(f20_ascii.o)
    0x080168a8   0x00000028   Data   RO         2618    .constdata          STemWin522_CM4_Keil.lib(f20_ascii.o)
    0x080168d0   0x00000028   Data   RO         2619    .constdata          STemWin522_CM4_Keil.lib(f20_ascii.o)
    0x080168f8   0x00000028   Data   RO         2620    .constdata          STemWin522_CM4_Keil.lib(f20_ascii.o)
    0x08016920   0x00000028   Data   RO         2621    .constdata          STemWin522_CM4_Keil.lib(f20_ascii.o)
    0x08016948   0x00000028   Data   RO         2622    .constdata          STemWin522_CM4_Keil.lib(f20_ascii.o)
    0x08016970   0x00000028   Data   RO         2623    .constdata          STemWin522_CM4_Keil.lib(f20_ascii.o)
    0x08016998   0x00000028   Data   RO         2624    .constdata          STemWin522_CM4_Keil.lib(f20_ascii.o)
    0x080169c0   0x0000003c   Data   RO         2625    .constdata          STemWin522_CM4_Keil.lib(f20_ascii.o)
    0x080169fc   0x00000028   Data   RO         2626    .constdata          STemWin522_CM4_Keil.lib(f20_ascii.o)
    0x08016a24   0x00000028   Data   RO         2627    .constdata          STemWin522_CM4_Keil.lib(f20_ascii.o)
    0x08016a4c   0x00000028   Data   RO         2628    .constdata          STemWin522_CM4_Keil.lib(f20_ascii.o)
    0x08016a74   0x00000014   Data   RO         2629    .constdata          STemWin522_CM4_Keil.lib(f20_ascii.o)
    0x08016a88   0x00000014   Data   RO         2630    .constdata          STemWin522_CM4_Keil.lib(f20_ascii.o)
    0x08016a9c   0x00000014   Data   RO         2631    .constdata          STemWin522_CM4_Keil.lib(f20_ascii.o)
    0x08016ab0   0x00000014   Data   RO         2632    .constdata          STemWin522_CM4_Keil.lib(f20_ascii.o)
    0x08016ac4   0x00000028   Data   RO         2633    .constdata          STemWin522_CM4_Keil.lib(f20_ascii.o)
    0x08016aec   0x00000014   Data   RO         2634    .constdata          STemWin522_CM4_Keil.lib(f20_ascii.o)
    0x08016b00   0x00000028   Data   RO         2635    .constdata          STemWin522_CM4_Keil.lib(f20_ascii.o)
    0x08016b28   0x00000028   Data   RO         2636    .constdata          STemWin522_CM4_Keil.lib(f20_ascii.o)
    0x08016b50   0x00000028   Data   RO         2637    .constdata          STemWin522_CM4_Keil.lib(f20_ascii.o)
    0x08016b78   0x00000028   Data   RO         2638    .constdata          STemWin522_CM4_Keil.lib(f20_ascii.o)
    0x08016ba0   0x00000028   Data   RO         2639    .constdata          STemWin522_CM4_Keil.lib(f20_ascii.o)
    0x08016bc8   0x00000014   Data   RO         2640    .constdata          STemWin522_CM4_Keil.lib(f20_ascii.o)
    0x08016bdc   0x00000028   Data   RO         2641    .constdata          STemWin522_CM4_Keil.lib(f20_ascii.o)
    0x08016c04   0x00000028   Data   RO         2642    .constdata          STemWin522_CM4_Keil.lib(f20_ascii.o)
    0x08016c2c   0x00000014   Data   RO         2643    .constdata          STemWin522_CM4_Keil.lib(f20_ascii.o)
    0x08016c40   0x00000014   Data   RO         2644    .constdata          STemWin522_CM4_Keil.lib(f20_ascii.o)
    0x08016c54   0x00000028   Data   RO         2645    .constdata          STemWin522_CM4_Keil.lib(f20_ascii.o)
    0x08016c7c   0x00000014   Data   RO         2646    .constdata          STemWin522_CM4_Keil.lib(f20_ascii.o)
    0x08016c90   0x00000028   Data   RO         2647    .constdata          STemWin522_CM4_Keil.lib(f20_ascii.o)
    0x08016cb8   0x00000028   Data   RO         2648    .constdata          STemWin522_CM4_Keil.lib(f20_ascii.o)
    0x08016ce0   0x00000028   Data   RO         2649    .constdata          STemWin522_CM4_Keil.lib(f20_ascii.o)
    0x08016d08   0x00000028   Data   RO         2650    .constdata          STemWin522_CM4_Keil.lib(f20_ascii.o)
    0x08016d30   0x00000028   Data   RO         2651    .constdata          STemWin522_CM4_Keil.lib(f20_ascii.o)
    0x08016d58   0x00000014   Data   RO         2652    .constdata          STemWin522_CM4_Keil.lib(f20_ascii.o)
    0x08016d6c   0x00000028   Data   RO         2653    .constdata          STemWin522_CM4_Keil.lib(f20_ascii.o)
    0x08016d94   0x00000014   Data   RO         2654    .constdata          STemWin522_CM4_Keil.lib(f20_ascii.o)
    0x08016da8   0x00000028   Data   RO         2655    .constdata          STemWin522_CM4_Keil.lib(f20_ascii.o)
    0x08016dd0   0x00000028   Data   RO         2656    .constdata          STemWin522_CM4_Keil.lib(f20_ascii.o)
    0x08016df8   0x00000028   Data   RO         2657    .constdata          STemWin522_CM4_Keil.lib(f20_ascii.o)
    0x08016e20   0x00000014   Data   RO         2658    .constdata          STemWin522_CM4_Keil.lib(f20_ascii.o)
    0x08016e34   0x00000028   Data   RO         2659    .constdata          STemWin522_CM4_Keil.lib(f20_ascii.o)
    0x08016e5c   0x00000014   Data   RO         2660    .constdata          STemWin522_CM4_Keil.lib(f20_ascii.o)
    0x08016e70   0x00000014   Data   RO         2661    .constdata          STemWin522_CM4_Keil.lib(f20_ascii.o)
    0x08016e84   0x00000014   Data   RO         2662    .constdata          STemWin522_CM4_Keil.lib(f20_ascii.o)
    0x08016e98   0x00000014   Data   RO         2663    .constdata          STemWin522_CM4_Keil.lib(f20_ascii.o)
    0x08016eac   0x00000028   Data   RO         2664    .constdata          STemWin522_CM4_Keil.lib(f20_ascii.o)
    0x08016ed4   0x000002f8   Data   RO         2665    .constdata          STemWin522_CM4_Keil.lib(f20_ascii.o)
    0x080171cc   0x0000000c   Data   RO         2666    .constdata          STemWin522_CM4_Keil.lib(f20_ascii.o)
    0x080171d8   0x00000024   Data   RO         2667    .constdata          STemWin522_CM4_Keil.lib(f20_ascii.o)
    0x080171fc   0x00000018   Data   RO         2668    .constdata          STemWin522_CM4_Keil.lib(f24_ascii.o)
    0x08017214   0x00000018   Data   RO         2669    .constdata          STemWin522_CM4_Keil.lib(f24_ascii.o)
    0x0801722c   0x00000018   Data   RO         2670    .constdata          STemWin522_CM4_Keil.lib(f24_ascii.o)
    0x08017244   0x00000030   Data   RO         2671    .constdata          STemWin522_CM4_Keil.lib(f24_ascii.o)
    0x08017274   0x00000030   Data   RO         2672    .constdata          STemWin522_CM4_Keil.lib(f24_ascii.o)
    0x080172a4   0x00000048   Data   RO         2673    .constdata          STemWin522_CM4_Keil.lib(f24_ascii.o)
    0x080172ec   0x00000030   Data   RO         2674    .constdata          STemWin522_CM4_Keil.lib(f24_ascii.o)
    0x0801731c   0x00000018   Data   RO         2675    .constdata          STemWin522_CM4_Keil.lib(f24_ascii.o)
    0x08017334   0x00000018   Data   RO         2676    .constdata          STemWin522_CM4_Keil.lib(f24_ascii.o)
    0x0801734c   0x00000018   Data   RO         2677    .constdata          STemWin522_CM4_Keil.lib(f24_ascii.o)
    0x08017364   0x00000018   Data   RO         2678    .constdata          STemWin522_CM4_Keil.lib(f24_ascii.o)
    0x0801737c   0x00000030   Data   RO         2679    .constdata          STemWin522_CM4_Keil.lib(f24_ascii.o)
    0x080173ac   0x00000018   Data   RO         2680    .constdata          STemWin522_CM4_Keil.lib(f24_ascii.o)
    0x080173c4   0x00000018   Data   RO         2681    .constdata          STemWin522_CM4_Keil.lib(f24_ascii.o)
    0x080173dc   0x00000018   Data   RO         2682    .constdata          STemWin522_CM4_Keil.lib(f24_ascii.o)
    0x080173f4   0x00000018   Data   RO         2683    .constdata          STemWin522_CM4_Keil.lib(f24_ascii.o)
    0x0801740c   0x00000030   Data   RO         2684    .constdata          STemWin522_CM4_Keil.lib(f24_ascii.o)
    0x0801743c   0x00000030   Data   RO         2685    .constdata          STemWin522_CM4_Keil.lib(f24_ascii.o)
    0x0801746c   0x00000030   Data   RO         2686    .constdata          STemWin522_CM4_Keil.lib(f24_ascii.o)
    0x0801749c   0x00000030   Data   RO         2687    .constdata          STemWin522_CM4_Keil.lib(f24_ascii.o)
    0x080174cc   0x00000030   Data   RO         2688    .constdata          STemWin522_CM4_Keil.lib(f24_ascii.o)
    0x080174fc   0x00000030   Data   RO         2689    .constdata          STemWin522_CM4_Keil.lib(f24_ascii.o)
    0x0801752c   0x00000030   Data   RO         2690    .constdata          STemWin522_CM4_Keil.lib(f24_ascii.o)
    0x0801755c   0x00000030   Data   RO         2691    .constdata          STemWin522_CM4_Keil.lib(f24_ascii.o)
    0x0801758c   0x00000030   Data   RO         2692    .constdata          STemWin522_CM4_Keil.lib(f24_ascii.o)
    0x080175bc   0x00000030   Data   RO         2693    .constdata          STemWin522_CM4_Keil.lib(f24_ascii.o)
    0x080175ec   0x00000018   Data   RO         2694    .constdata          STemWin522_CM4_Keil.lib(f24_ascii.o)
    0x08017604   0x00000018   Data   RO         2695    .constdata          STemWin522_CM4_Keil.lib(f24_ascii.o)
    0x0801761c   0x00000030   Data   RO         2696    .constdata          STemWin522_CM4_Keil.lib(f24_ascii.o)
    0x0801764c   0x00000030   Data   RO         2697    .constdata          STemWin522_CM4_Keil.lib(f24_ascii.o)
    0x0801767c   0x00000030   Data   RO         2698    .constdata          STemWin522_CM4_Keil.lib(f24_ascii.o)
    0x080176ac   0x00000030   Data   RO         2699    .constdata          STemWin522_CM4_Keil.lib(f24_ascii.o)
    0x080176dc   0x00000048   Data   RO         2700    .constdata          STemWin522_CM4_Keil.lib(f24_ascii.o)
    0x08017724   0x00000030   Data   RO         2701    .constdata          STemWin522_CM4_Keil.lib(f24_ascii.o)
    0x08017754   0x00000030   Data   RO         2702    .constdata          STemWin522_CM4_Keil.lib(f24_ascii.o)
    0x08017784   0x00000030   Data   RO         2703    .constdata          STemWin522_CM4_Keil.lib(f24_ascii.o)
    0x080177b4   0x00000030   Data   RO         2704    .constdata          STemWin522_CM4_Keil.lib(f24_ascii.o)
    0x080177e4   0x00000030   Data   RO         2705    .constdata          STemWin522_CM4_Keil.lib(f24_ascii.o)
    0x08017814   0x00000030   Data   RO         2706    .constdata          STemWin522_CM4_Keil.lib(f24_ascii.o)
    0x08017844   0x00000030   Data   RO         2707    .constdata          STemWin522_CM4_Keil.lib(f24_ascii.o)
    0x08017874   0x00000030   Data   RO         2708    .constdata          STemWin522_CM4_Keil.lib(f24_ascii.o)
    0x080178a4   0x00000018   Data   RO         2709    .constdata          STemWin522_CM4_Keil.lib(f24_ascii.o)
    0x080178bc   0x00000030   Data   RO         2710    .constdata          STemWin522_CM4_Keil.lib(f24_ascii.o)
    0x080178ec   0x00000030   Data   RO         2711    .constdata          STemWin522_CM4_Keil.lib(f24_ascii.o)
    0x0801791c   0x00000030   Data   RO         2712    .constdata          STemWin522_CM4_Keil.lib(f24_ascii.o)
    0x0801794c   0x00000048   Data   RO         2713    .constdata          STemWin522_CM4_Keil.lib(f24_ascii.o)
    0x08017994   0x00000030   Data   RO         2714    .constdata          STemWin522_CM4_Keil.lib(f24_ascii.o)
    0x080179c4   0x00000030   Data   RO         2715    .constdata          STemWin522_CM4_Keil.lib(f24_ascii.o)
    0x080179f4   0x00000030   Data   RO         2716    .constdata          STemWin522_CM4_Keil.lib(f24_ascii.o)
    0x08017a24   0x00000030   Data   RO         2717    .constdata          STemWin522_CM4_Keil.lib(f24_ascii.o)
    0x08017a54   0x00000030   Data   RO         2718    .constdata          STemWin522_CM4_Keil.lib(f24_ascii.o)
    0x08017a84   0x00000030   Data   RO         2719    .constdata          STemWin522_CM4_Keil.lib(f24_ascii.o)
    0x08017ab4   0x00000030   Data   RO         2720    .constdata          STemWin522_CM4_Keil.lib(f24_ascii.o)
    0x08017ae4   0x00000030   Data   RO         2721    .constdata          STemWin522_CM4_Keil.lib(f24_ascii.o)
    0x08017b14   0x00000030   Data   RO         2722    .constdata          STemWin522_CM4_Keil.lib(f24_ascii.o)
    0x08017b44   0x00000048   Data   RO         2723    .constdata          STemWin522_CM4_Keil.lib(f24_ascii.o)
    0x08017b8c   0x00000030   Data   RO         2724    .constdata          STemWin522_CM4_Keil.lib(f24_ascii.o)
    0x08017bbc   0x00000030   Data   RO         2725    .constdata          STemWin522_CM4_Keil.lib(f24_ascii.o)
    0x08017bec   0x00000030   Data   RO         2726    .constdata          STemWin522_CM4_Keil.lib(f24_ascii.o)
    0x08017c1c   0x00000018   Data   RO         2727    .constdata          STemWin522_CM4_Keil.lib(f24_ascii.o)
    0x08017c34   0x00000018   Data   RO         2728    .constdata          STemWin522_CM4_Keil.lib(f24_ascii.o)
    0x08017c4c   0x00000018   Data   RO         2729    .constdata          STemWin522_CM4_Keil.lib(f24_ascii.o)
    0x08017c64   0x00000018   Data   RO         2730    .constdata          STemWin522_CM4_Keil.lib(f24_ascii.o)
    0x08017c7c   0x00000030   Data   RO         2731    .constdata          STemWin522_CM4_Keil.lib(f24_ascii.o)
    0x08017cac   0x00000018   Data   RO         2732    .constdata          STemWin522_CM4_Keil.lib(f24_ascii.o)
    0x08017cc4   0x00000030   Data   RO         2733    .constdata          STemWin522_CM4_Keil.lib(f24_ascii.o)
    0x08017cf4   0x00000030   Data   RO         2734    .constdata          STemWin522_CM4_Keil.lib(f24_ascii.o)
    0x08017d24   0x00000030   Data   RO         2735    .constdata          STemWin522_CM4_Keil.lib(f24_ascii.o)
    0x08017d54   0x00000030   Data   RO         2736    .constdata          STemWin522_CM4_Keil.lib(f24_ascii.o)
    0x08017d84   0x00000030   Data   RO         2737    .constdata          STemWin522_CM4_Keil.lib(f24_ascii.o)
    0x08017db4   0x00000018   Data   RO         2738    .constdata          STemWin522_CM4_Keil.lib(f24_ascii.o)
    0x08017dcc   0x00000030   Data   RO         2739    .constdata          STemWin522_CM4_Keil.lib(f24_ascii.o)
    0x08017dfc   0x00000030   Data   RO         2740    .constdata          STemWin522_CM4_Keil.lib(f24_ascii.o)
    0x08017e2c   0x00000018   Data   RO         2741    .constdata          STemWin522_CM4_Keil.lib(f24_ascii.o)
    0x08017e44   0x00000018   Data   RO         2742    .constdata          STemWin522_CM4_Keil.lib(f24_ascii.o)
    0x08017e5c   0x00000030   Data   RO         2743    .constdata          STemWin522_CM4_Keil.lib(f24_ascii.o)
    0x08017e8c   0x00000018   Data   RO         2744    .constdata          STemWin522_CM4_Keil.lib(f24_ascii.o)
    0x08017ea4   0x00000030   Data   RO         2745    .constdata          STemWin522_CM4_Keil.lib(f24_ascii.o)
    0x08017ed4   0x00000030   Data   RO         2746    .constdata          STemWin522_CM4_Keil.lib(f24_ascii.o)
    0x08017f04   0x00000030   Data   RO         2747    .constdata          STemWin522_CM4_Keil.lib(f24_ascii.o)
    0x08017f34   0x00000030   Data   RO         2748    .constdata          STemWin522_CM4_Keil.lib(f24_ascii.o)
    0x08017f64   0x00000030   Data   RO         2749    .constdata          STemWin522_CM4_Keil.lib(f24_ascii.o)
    0x08017f94   0x00000018   Data   RO         2750    .constdata          STemWin522_CM4_Keil.lib(f24_ascii.o)
    0x08017fac   0x00000030   Data   RO         2751    .constdata          STemWin522_CM4_Keil.lib(f24_ascii.o)
    0x08017fdc   0x00000018   Data   RO         2752    .constdata          STemWin522_CM4_Keil.lib(f24_ascii.o)
    0x08017ff4   0x00000030   Data   RO         2753    .constdata          STemWin522_CM4_Keil.lib(f24_ascii.o)
    0x08018024   0x00000030   Data   RO         2754    .constdata          STemWin522_CM4_Keil.lib(f24_ascii.o)
    0x08018054   0x00000030   Data   RO         2755    .constdata          STemWin522_CM4_Keil.lib(f24_ascii.o)
    0x08018084   0x00000030   Data   RO         2756    .constdata          STemWin522_CM4_Keil.lib(f24_ascii.o)
    0x080180b4   0x00000030   Data   RO         2757    .constdata          STemWin522_CM4_Keil.lib(f24_ascii.o)
    0x080180e4   0x00000030   Data   RO         2758    .constdata          STemWin522_CM4_Keil.lib(f24_ascii.o)
    0x08018114   0x00000018   Data   RO         2759    .constdata          STemWin522_CM4_Keil.lib(f24_ascii.o)
    0x0801812c   0x00000018   Data   RO         2760    .constdata          STemWin522_CM4_Keil.lib(f24_ascii.o)
    0x08018144   0x00000018   Data   RO         2761    .constdata          STemWin522_CM4_Keil.lib(f24_ascii.o)
    0x0801815c   0x00000030   Data   RO         2762    .constdata          STemWin522_CM4_Keil.lib(f24_ascii.o)
    0x0801818c   0x000002f8   Data   RO         2763    .constdata          STemWin522_CM4_Keil.lib(f24_ascii.o)
    0x08018484   0x0000000c   Data   RO         2764    .constdata          STemWin522_CM4_Keil.lib(f24_ascii.o)
    0x08018490   0x00000024   Data   RO         2765    .constdata          STemWin522_CM4_Keil.lib(f24_ascii.o)
    0x080184b4   0x00000010   Data   RO         2829    .constdata          STemWin522_CM4_Keil.lib(button_skinflex.o)
    0x080184c4   0x00000018   Data   RO         3014    .constdata          STemWin522_CM4_Keil.lib(guicc_16.o)
    0x080184dc   0x00000010   Data   RO         3035    .constdata          STemWin522_CM4_Keil.lib(gui__divtbl_15_255.o)
    0x080184ec   0x00000100   Data   RO         3036    .constdata          STemWin522_CM4_Keil.lib(gui__divtbl_255_15.o)
    0x080185ec   0x00000100   Data   RO         3037    .constdata          STemWin522_CM4_Keil.lib(gui__divtbl_255_31.o)
    0x080186ec   0x00000100   Data   RO         3038    .constdata          STemWin522_CM4_Keil.lib(gui__divtbl_255_63.o)
    0x080187ec   0x00000020   Data   RO         3039    .constdata          STemWin522_CM4_Keil.lib(gui__divtbl_31_255.o)
    0x0801880c   0x00000040   Data   RO         3040    .constdata          STemWin522_CM4_Keil.lib(gui__divtbl_63_255.o)
    0x0801884c   0x00000020   Data   RO         3203    .constdata          STemWin522_CM4_Keil.lib(gui_setorientationc0.o)
    0x0801886c   0x00000020   Data   RO         3228    .constdata          STemWin522_CM4_Keil.lib(gui_setorientationc16.o)
    0x0801888c   0x00000020   Data   RO         3253    .constdata          STemWin522_CM4_Keil.lib(gui_setorientationc32.o)
    0x080188ac   0x00000020   Data   RO         3278    .constdata          STemWin522_CM4_Keil.lib(gui_setorientationc8.o)
    0x080188cc   0x00000010   Data   RO         3312    .constdata          STemWin522_CM4_Keil.lib(gui_uc_encodenone.o)
    0x080188dc   0x00000018   Data   RO         3336    .constdata          STemWin522_CM4_Keil.lib(guicc_0.o)
    0x080188f4   0x00000100   Data   RO         3352    .constdata          STemWin522_CM4_Keil.lib(lcd_mirror.o)
    0x080189f4   0x0000000d   Data   RO         3365    .constdata          STemWin522_CM4_Keil.lib(f13_1.o)
    0x08018a01   0x0000000d   Data   RO         3366    .constdata          STemWin522_CM4_Keil.lib(f13_1.o)
    0x08018a0e   0x0000000d   Data   RO         3367    .constdata          STemWin522_CM4_Keil.lib(f13_1.o)
    0x08018a1b   0x0000000d   Data   RO         3368    .constdata          STemWin522_CM4_Keil.lib(f13_1.o)
    0x08018a28   0x0000000d   Data   RO         3369    .constdata          STemWin522_CM4_Keil.lib(f13_1.o)
    0x08018a35   0x0000000d   Data   RO         3370    .constdata          STemWin522_CM4_Keil.lib(f13_1.o)
    0x08018a42   0x0000000d   Data   RO         3371    .constdata          STemWin522_CM4_Keil.lib(f13_1.o)
    0x08018a4f   0x0000000d   Data   RO         3372    .constdata          STemWin522_CM4_Keil.lib(f13_1.o)
    0x08018a5c   0x0000000d   Data   RO         3373    .constdata          STemWin522_CM4_Keil.lib(f13_1.o)
    0x08018a69   0x0000001a   Data   RO         3374    .constdata          STemWin522_CM4_Keil.lib(f13_1.o)
    0x08018a83   0x0000000d   Data   RO         3375    .constdata          STemWin522_CM4_Keil.lib(f13_1.o)
    0x08018a90   0x0000000d   Data   RO         3376    .constdata          STemWin522_CM4_Keil.lib(f13_1.o)
    0x08018a9d   0x0000000d   Data   RO         3377    .constdata          STemWin522_CM4_Keil.lib(f13_1.o)
    0x08018aaa   0x0000000d   Data   RO         3378    .constdata          STemWin522_CM4_Keil.lib(f13_1.o)
    0x08018ab7   0x0000001a   Data   RO         3379    .constdata          STemWin522_CM4_Keil.lib(f13_1.o)
    0x08018ad1   0x0000000d   Data   RO         3380    .constdata          STemWin522_CM4_Keil.lib(f13_1.o)
    0x08018ade   0x0000000d   Data   RO         3381    .constdata          STemWin522_CM4_Keil.lib(f13_1.o)
    0x08018aeb   0x0000000d   Data   RO         3382    .constdata          STemWin522_CM4_Keil.lib(f13_1.o)
    0x08018af8   0x0000000d   Data   RO         3383    .constdata          STemWin522_CM4_Keil.lib(f13_1.o)
    0x08018b05   0x0000000d   Data   RO         3384    .constdata          STemWin522_CM4_Keil.lib(f13_1.o)
    0x08018b12   0x0000000d   Data   RO         3385    .constdata          STemWin522_CM4_Keil.lib(f13_1.o)
    0x08018b1f   0x0000000d   Data   RO         3386    .constdata          STemWin522_CM4_Keil.lib(f13_1.o)
    0x08018b2c   0x0000000d   Data   RO         3387    .constdata          STemWin522_CM4_Keil.lib(f13_1.o)
    0x08018b39   0x0000000d   Data   RO         3388    .constdata          STemWin522_CM4_Keil.lib(f13_1.o)
    0x08018b46   0x0000000d   Data   RO         3389    .constdata          STemWin522_CM4_Keil.lib(f13_1.o)
    0x08018b53   0x0000000d   Data   RO         3390    .constdata          STemWin522_CM4_Keil.lib(f13_1.o)
    0x08018b60   0x0000000d   Data   RO         3391    .constdata          STemWin522_CM4_Keil.lib(f13_1.o)
    0x08018b6d   0x0000000d   Data   RO         3392    .constdata          STemWin522_CM4_Keil.lib(f13_1.o)
    0x08018b7a   0x0000001a   Data   RO         3393    .constdata          STemWin522_CM4_Keil.lib(f13_1.o)
    0x08018b94   0x0000001a   Data   RO         3394    .constdata          STemWin522_CM4_Keil.lib(f13_1.o)
    0x08018bae   0x0000001a   Data   RO         3395    .constdata          STemWin522_CM4_Keil.lib(f13_1.o)
    0x08018bc8   0x0000000d   Data   RO         3396    .constdata          STemWin522_CM4_Keil.lib(f13_1.o)
    0x08018bd5   0x0000000d   Data   RO         3397    .constdata          STemWin522_CM4_Keil.lib(f13_1.o)
    0x08018be2   0x0000000d   Data   RO         3398    .constdata          STemWin522_CM4_Keil.lib(f13_1.o)
    0x08018bef   0x0000000d   Data   RO         3399    .constdata          STemWin522_CM4_Keil.lib(f13_1.o)
    0x08018bfc   0x0000000d   Data   RO         3400    .constdata          STemWin522_CM4_Keil.lib(f13_1.o)
    0x08018c09   0x0000000d   Data   RO         3401    .constdata          STemWin522_CM4_Keil.lib(f13_1.o)
    0x08018c16   0x0000000d   Data   RO         3402    .constdata          STemWin522_CM4_Keil.lib(f13_1.o)
    0x08018c23   0x0000001a   Data   RO         3403    .constdata          STemWin522_CM4_Keil.lib(f13_1.o)
    0x08018c3d   0x0000000d   Data   RO         3404    .constdata          STemWin522_CM4_Keil.lib(f13_1.o)
    0x08018c4a   0x0000000d   Data   RO         3405    .constdata          STemWin522_CM4_Keil.lib(f13_1.o)
    0x08018c57   0x0000000d   Data   RO         3406    .constdata          STemWin522_CM4_Keil.lib(f13_1.o)
    0x08018c64   0x0000000d   Data   RO         3407    .constdata          STemWin522_CM4_Keil.lib(f13_1.o)
    0x08018c71   0x0000000d   Data   RO         3408    .constdata          STemWin522_CM4_Keil.lib(f13_1.o)
    0x08018c7e   0x0000000d   Data   RO         3409    .constdata          STemWin522_CM4_Keil.lib(f13_1.o)
    0x08018c8b   0x0000000d   Data   RO         3410    .constdata          STemWin522_CM4_Keil.lib(f13_1.o)
    0x08018c98   0x0000000d   Data   RO         3411    .constdata          STemWin522_CM4_Keil.lib(f13_1.o)
    0x08018ca5   0x0000000d   Data   RO         3412    .constdata          STemWin522_CM4_Keil.lib(f13_1.o)
    0x08018cb2   0x0000000d   Data   RO         3413    .constdata          STemWin522_CM4_Keil.lib(f13_1.o)
    0x08018cbf   0x0000000d   Data   RO         3414    .constdata          STemWin522_CM4_Keil.lib(f13_1.o)
    0x08018ccc   0x0000000d   Data   RO         3415    .constdata          STemWin522_CM4_Keil.lib(f13_1.o)
    0x08018cd9   0x0000000d   Data   RO         3416    .constdata          STemWin522_CM4_Keil.lib(f13_1.o)
    0x08018ce6   0x0000000d   Data   RO         3417    .constdata          STemWin522_CM4_Keil.lib(f13_1.o)
    0x08018cf3   0x0000000d   Data   RO         3418    .constdata          STemWin522_CM4_Keil.lib(f13_1.o)
    0x08018d00   0x0000000d   Data   RO         3419    .constdata          STemWin522_CM4_Keil.lib(f13_1.o)
    0x08018d0d   0x0000000d   Data   RO         3420    .constdata          STemWin522_CM4_Keil.lib(f13_1.o)
    0x08018d1a   0x0000000d   Data   RO         3421    .constdata          STemWin522_CM4_Keil.lib(f13_1.o)
    0x08018d27   0x0000000d   Data   RO         3422    .constdata          STemWin522_CM4_Keil.lib(f13_1.o)
    0x08018d34   0x0000000d   Data   RO         3423    .constdata          STemWin522_CM4_Keil.lib(f13_1.o)
    0x08018d41   0x0000000d   Data   RO         3424    .constdata          STemWin522_CM4_Keil.lib(f13_1.o)
    0x08018d4e   0x0000000d   Data   RO         3425    .constdata          STemWin522_CM4_Keil.lib(f13_1.o)
    0x08018d5b   0x0000000d   Data   RO         3426    .constdata          STemWin522_CM4_Keil.lib(f13_1.o)
    0x08018d68   0x0000000d   Data   RO         3427    .constdata          STemWin522_CM4_Keil.lib(f13_1.o)
    0x08018d75   0x0000000d   Data   RO         3428    .constdata          STemWin522_CM4_Keil.lib(f13_1.o)
    0x08018d82   0x0000000d   Data   RO         3429    .constdata          STemWin522_CM4_Keil.lib(f13_1.o)
    0x08018d8f   0x0000000d   Data   RO         3430    .constdata          STemWin522_CM4_Keil.lib(f13_1.o)
    0x08018d9c   0x0000000d   Data   RO         3431    .constdata          STemWin522_CM4_Keil.lib(f13_1.o)
    0x08018da9   0x0000000d   Data   RO         3432    .constdata          STemWin522_CM4_Keil.lib(f13_1.o)
    0x08018db6   0x0000000d   Data   RO         3433    .constdata          STemWin522_CM4_Keil.lib(f13_1.o)
    0x08018dc3   0x0000000d   Data   RO         3434    .constdata          STemWin522_CM4_Keil.lib(f13_1.o)
    0x08018dd0   0x0000001a   Data   RO         3435    .constdata          STemWin522_CM4_Keil.lib(f13_1.o)
    0x08018dea   0x0000000d   Data   RO         3436    .constdata          STemWin522_CM4_Keil.lib(f13_1.o)
    0x08018df7   0x0000000d   Data   RO         3437    .constdata          STemWin522_CM4_Keil.lib(f13_1.o)
    0x08018e04   0x0000000d   Data   RO         3438    .constdata          STemWin522_CM4_Keil.lib(f13_1.o)
    0x08018e11   0x0000000d   Data   RO         3439    .constdata          STemWin522_CM4_Keil.lib(f13_1.o)
    0x08018e1e   0x0000000d   Data   RO         3440    .constdata          STemWin522_CM4_Keil.lib(f13_1.o)
    0x08018e2b   0x0000000d   Data   RO         3441    .constdata          STemWin522_CM4_Keil.lib(f13_1.o)
    0x08018e38   0x0000000d   Data   RO         3442    .constdata          STemWin522_CM4_Keil.lib(f13_1.o)
    0x08018e45   0x0000000d   Data   RO         3443    .constdata          STemWin522_CM4_Keil.lib(f13_1.o)
    0x08018e52   0x0000000d   Data   RO         3444    .constdata          STemWin522_CM4_Keil.lib(f13_1.o)
    0x08018e5f   0x0000000d   Data   RO         3445    .constdata          STemWin522_CM4_Keil.lib(f13_1.o)
    0x08018e6c   0x0000000d   Data   RO         3446    .constdata          STemWin522_CM4_Keil.lib(f13_1.o)
    0x08018e79   0x0000000d   Data   RO         3447    .constdata          STemWin522_CM4_Keil.lib(f13_1.o)
    0x08018e86   0x0000000d   Data   RO         3448    .constdata          STemWin522_CM4_Keil.lib(f13_1.o)
    0x08018e93   0x0000000d   Data   RO         3449    .constdata          STemWin522_CM4_Keil.lib(f13_1.o)
    0x08018ea0   0x0000000d   Data   RO         3450    .constdata          STemWin522_CM4_Keil.lib(f13_1.o)
    0x08018ead   0x0000000d   Data   RO         3451    .constdata          STemWin522_CM4_Keil.lib(f13_1.o)
    0x08018eba   0x0000000d   Data   RO         3452    .constdata          STemWin522_CM4_Keil.lib(f13_1.o)
    0x08018ec7   0x0000000d   Data   RO         3453    .constdata          STemWin522_CM4_Keil.lib(f13_1.o)
    0x08018ed4   0x0000000d   Data   RO         3454    .constdata          STemWin522_CM4_Keil.lib(f13_1.o)
    0x08018ee1   0x0000000d   Data   RO         3455    .constdata          STemWin522_CM4_Keil.lib(f13_1.o)
    0x08018eee   0x0000000d   Data   RO         3456    .constdata          STemWin522_CM4_Keil.lib(f13_1.o)
    0x08018efb   0x0000000d   Data   RO         3457    .constdata          STemWin522_CM4_Keil.lib(f13_1.o)
    0x08018f08   0x0000000d   Data   RO         3458    .constdata          STemWin522_CM4_Keil.lib(f13_1.o)
    0x08018f15   0x0000000d   Data   RO         3459    .constdata          STemWin522_CM4_Keil.lib(f13_1.o)
    0x08018f22   0x0000000d   Data   RO         3460    .constdata          STemWin522_CM4_Keil.lib(f13_1.o)
    0x08018f2f   0x00000001   PAD
    0x08018f30   0x00000300   Data   RO         3461    .constdata          STemWin522_CM4_Keil.lib(f13_1.o)
    0x08019230   0x0000000c   Data   RO         3462    .constdata          STemWin522_CM4_Keil.lib(f13_1.o)
    0x0801923c   0x00000024   Data   RO         3463    .constdata          STemWin522_CM4_Keil.lib(f13_1.o)
    0x08019260   0x00000518   Data   RO         3464    .constdata          STemWin522_CM4_Keil.lib(f6x8.o)
    0x08019778   0x000001c0   Data   RO         3465    .constdata          STemWin522_CM4_Keil.lib(f6x8.o)
    0x08019938   0x00000008   Data   RO         3466    .constdata          STemWin522_CM4_Keil.lib(f6x8.o)
    0x08019940   0x00000014   Data   RO         3467    .constdata          STemWin522_CM4_Keil.lib(f6x8.o)
    0x08019954   0x00000024   Data   RO         3468    .constdata          STemWin522_CM4_Keil.lib(f6x8.o)
    0x08019978   0x00000074   Data   RO         3506    .constdata          STemWin522_CM4_Keil.lib(guidev_16.o)
    0x080199ec   0x0000000c   Data   RO         3555    .constdata          STemWin522_CM4_Keil.lib(button_skinclassic.o)
    0x080199f8   0x00000018   Data   RO         3922    .constdata          STemWin522_CM4_Keil.lib(guicc_8888.o)
    0x08019a10   0x0000000d   Data   RO         3931    .constdata          STemWin522_CM4_Keil.lib(f13_ascii.o)
    0x08019a1d   0x0000000d   Data   RO         3932    .constdata          STemWin522_CM4_Keil.lib(f13_ascii.o)
    0x08019a2a   0x0000000d   Data   RO         3933    .constdata          STemWin522_CM4_Keil.lib(f13_ascii.o)
    0x08019a37   0x0000000d   Data   RO         3934    .constdata          STemWin522_CM4_Keil.lib(f13_ascii.o)
    0x08019a44   0x0000000d   Data   RO         3935    .constdata          STemWin522_CM4_Keil.lib(f13_ascii.o)
    0x08019a51   0x0000001a   Data   RO         3936    .constdata          STemWin522_CM4_Keil.lib(f13_ascii.o)
    0x08019a6b   0x0000000d   Data   RO         3937    .constdata          STemWin522_CM4_Keil.lib(f13_ascii.o)
    0x08019a78   0x0000000d   Data   RO         3938    .constdata          STemWin522_CM4_Keil.lib(f13_ascii.o)
    0x08019a85   0x0000000d   Data   RO         3939    .constdata          STemWin522_CM4_Keil.lib(f13_ascii.o)
    0x08019a92   0x0000000d   Data   RO         3940    .constdata          STemWin522_CM4_Keil.lib(f13_ascii.o)
    0x08019a9f   0x0000000d   Data   RO         3941    .constdata          STemWin522_CM4_Keil.lib(f13_ascii.o)
    0x08019aac   0x0000000d   Data   RO         3942    .constdata          STemWin522_CM4_Keil.lib(f13_ascii.o)
    0x08019ab9   0x0000000d   Data   RO         3943    .constdata          STemWin522_CM4_Keil.lib(f13_ascii.o)
    0x08019ac6   0x0000000d   Data   RO         3944    .constdata          STemWin522_CM4_Keil.lib(f13_ascii.o)
    0x08019ad3   0x0000000d   Data   RO         3945    .constdata          STemWin522_CM4_Keil.lib(f13_ascii.o)
    0x08019ae0   0x0000000d   Data   RO         3946    .constdata          STemWin522_CM4_Keil.lib(f13_ascii.o)
    0x08019aed   0x0000000d   Data   RO         3947    .constdata          STemWin522_CM4_Keil.lib(f13_ascii.o)
    0x08019afa   0x0000000d   Data   RO         3948    .constdata          STemWin522_CM4_Keil.lib(f13_ascii.o)
    0x08019b07   0x0000000d   Data   RO         3949    .constdata          STemWin522_CM4_Keil.lib(f13_ascii.o)
    0x08019b14   0x0000000d   Data   RO         3950    .constdata          STemWin522_CM4_Keil.lib(f13_ascii.o)
    0x08019b21   0x0000000d   Data   RO         3951    .constdata          STemWin522_CM4_Keil.lib(f13_ascii.o)
    0x08019b2e   0x0000000d   Data   RO         3952    .constdata          STemWin522_CM4_Keil.lib(f13_ascii.o)
    0x08019b3b   0x0000000d   Data   RO         3953    .constdata          STemWin522_CM4_Keil.lib(f13_ascii.o)
    0x08019b48   0x0000000d   Data   RO         3954    .constdata          STemWin522_CM4_Keil.lib(f13_ascii.o)
    0x08019b55   0x0000000d   Data   RO         3955    .constdata          STemWin522_CM4_Keil.lib(f13_ascii.o)
    0x08019b62   0x0000000d   Data   RO         3956    .constdata          STemWin522_CM4_Keil.lib(f13_ascii.o)
    0x08019b6f   0x0000000d   Data   RO         3957    .constdata          STemWin522_CM4_Keil.lib(f13_ascii.o)
    0x08019b7c   0x0000000d   Data   RO         3958    .constdata          STemWin522_CM4_Keil.lib(f13_ascii.o)
    0x08019b89   0x0000000d   Data   RO         3959    .constdata          STemWin522_CM4_Keil.lib(f13_ascii.o)
    0x08019b96   0x0000000d   Data   RO         3960    .constdata          STemWin522_CM4_Keil.lib(f13_ascii.o)
    0x08019ba3   0x0000000d   Data   RO         3961    .constdata          STemWin522_CM4_Keil.lib(f13_ascii.o)
    0x08019bb0   0x0000000d   Data   RO         3962    .constdata          STemWin522_CM4_Keil.lib(f13_ascii.o)
    0x08019bbd   0x0000001a   Data   RO         3963    .constdata          STemWin522_CM4_Keil.lib(f13_ascii.o)
    0x08019bd7   0x0000000d   Data   RO         3964    .constdata          STemWin522_CM4_Keil.lib(f13_ascii.o)
    0x08019be4   0x0000000d   Data   RO         3965    .constdata          STemWin522_CM4_Keil.lib(f13_ascii.o)
    0x08019bf1   0x0000000d   Data   RO         3966    .constdata          STemWin522_CM4_Keil.lib(f13_ascii.o)
    0x08019bfe   0x0000000d   Data   RO         3967    .constdata          STemWin522_CM4_Keil.lib(f13_ascii.o)
    0x08019c0b   0x0000000d   Data   RO         3968    .constdata          STemWin522_CM4_Keil.lib(f13_ascii.o)
    0x08019c18   0x0000000d   Data   RO         3969    .constdata          STemWin522_CM4_Keil.lib(f13_ascii.o)
    0x08019c25   0x0000000d   Data   RO         3970    .constdata          STemWin522_CM4_Keil.lib(f13_ascii.o)
    0x08019c32   0x0000000d   Data   RO         3971    .constdata          STemWin522_CM4_Keil.lib(f13_ascii.o)
    0x08019c3f   0x0000000d   Data   RO         3972    .constdata          STemWin522_CM4_Keil.lib(f13_ascii.o)
    0x08019c4c   0x0000000d   Data   RO         3973    .constdata          STemWin522_CM4_Keil.lib(f13_ascii.o)
    0x08019c59   0x0000000d   Data   RO         3974    .constdata          STemWin522_CM4_Keil.lib(f13_ascii.o)
    0x08019c66   0x0000000d   Data   RO         3975    .constdata          STemWin522_CM4_Keil.lib(f13_ascii.o)
    0x08019c73   0x0000000d   Data   RO         3976    .constdata          STemWin522_CM4_Keil.lib(f13_ascii.o)
    0x08019c80   0x0000000d   Data   RO         3977    .constdata          STemWin522_CM4_Keil.lib(f13_ascii.o)
    0x08019c8d   0x0000000d   Data   RO         3978    .constdata          STemWin522_CM4_Keil.lib(f13_ascii.o)
    0x08019c9a   0x0000000d   Data   RO         3979    .constdata          STemWin522_CM4_Keil.lib(f13_ascii.o)
    0x08019ca7   0x0000000d   Data   RO         3980    .constdata          STemWin522_CM4_Keil.lib(f13_ascii.o)
    0x08019cb4   0x0000000d   Data   RO         3981    .constdata          STemWin522_CM4_Keil.lib(f13_ascii.o)
    0x08019cc1   0x0000000d   Data   RO         3982    .constdata          STemWin522_CM4_Keil.lib(f13_ascii.o)
    0x08019cce   0x0000000d   Data   RO         3983    .constdata          STemWin522_CM4_Keil.lib(f13_ascii.o)
    0x08019cdb   0x0000000d   Data   RO         3984    .constdata          STemWin522_CM4_Keil.lib(f13_ascii.o)
    0x08019ce8   0x0000000d   Data   RO         3985    .constdata          STemWin522_CM4_Keil.lib(f13_ascii.o)
    0x08019cf5   0x0000001a   Data   RO         3986    .constdata          STemWin522_CM4_Keil.lib(f13_ascii.o)
    0x08019d0f   0x0000000d   Data   RO         3987    .constdata          STemWin522_CM4_Keil.lib(f13_ascii.o)
    0x08019d1c   0x0000000d   Data   RO         3988    .constdata          STemWin522_CM4_Keil.lib(f13_ascii.o)
    0x08019d29   0x0000000d   Data   RO         3989    .constdata          STemWin522_CM4_Keil.lib(f13_ascii.o)
    0x08019d36   0x0000000d   Data   RO         3990    .constdata          STemWin522_CM4_Keil.lib(f13_ascii.o)
    0x08019d43   0x0000000d   Data   RO         3991    .constdata          STemWin522_CM4_Keil.lib(f13_ascii.o)
    0x08019d50   0x0000000d   Data   RO         3992    .constdata          STemWin522_CM4_Keil.lib(f13_ascii.o)
    0x08019d5d   0x0000000d   Data   RO         3993    .constdata          STemWin522_CM4_Keil.lib(f13_ascii.o)
    0x08019d6a   0x0000000d   Data   RO         3994    .constdata          STemWin522_CM4_Keil.lib(f13_ascii.o)
    0x08019d77   0x0000000d   Data   RO         3995    .constdata          STemWin522_CM4_Keil.lib(f13_ascii.o)
    0x08019d84   0x0000000d   Data   RO         3996    .constdata          STemWin522_CM4_Keil.lib(f13_ascii.o)
    0x08019d91   0x0000000d   Data   RO         3997    .constdata          STemWin522_CM4_Keil.lib(f13_ascii.o)
    0x08019d9e   0x0000000d   Data   RO         3998    .constdata          STemWin522_CM4_Keil.lib(f13_ascii.o)
    0x08019dab   0x0000000d   Data   RO         3999    .constdata          STemWin522_CM4_Keil.lib(f13_ascii.o)
    0x08019db8   0x0000000d   Data   RO         4000    .constdata          STemWin522_CM4_Keil.lib(f13_ascii.o)
    0x08019dc5   0x0000000d   Data   RO         4001    .constdata          STemWin522_CM4_Keil.lib(f13_ascii.o)
    0x08019dd2   0x0000000d   Data   RO         4002    .constdata          STemWin522_CM4_Keil.lib(f13_ascii.o)
    0x08019ddf   0x0000000d   Data   RO         4003    .constdata          STemWin522_CM4_Keil.lib(f13_ascii.o)
    0x08019dec   0x0000000d   Data   RO         4004    .constdata          STemWin522_CM4_Keil.lib(f13_ascii.o)
    0x08019df9   0x0000000d   Data   RO         4005    .constdata          STemWin522_CM4_Keil.lib(f13_ascii.o)
    0x08019e06   0x0000000d   Data   RO         4006    .constdata          STemWin522_CM4_Keil.lib(f13_ascii.o)
    0x08019e13   0x0000000d   Data   RO         4007    .constdata          STemWin522_CM4_Keil.lib(f13_ascii.o)
    0x08019e20   0x0000000d   Data   RO         4008    .constdata          STemWin522_CM4_Keil.lib(f13_ascii.o)
    0x08019e2d   0x0000000d   Data   RO         4009    .constdata          STemWin522_CM4_Keil.lib(f13_ascii.o)
    0x08019e3a   0x0000000d   Data   RO         4010    .constdata          STemWin522_CM4_Keil.lib(f13_ascii.o)
    0x08019e47   0x0000000d   Data   RO         4011    .constdata          STemWin522_CM4_Keil.lib(f13_ascii.o)
    0x08019e54   0x0000000d   Data   RO         4012    .constdata          STemWin522_CM4_Keil.lib(f13_ascii.o)
    0x08019e61   0x0000000d   Data   RO         4013    .constdata          STemWin522_CM4_Keil.lib(f13_ascii.o)
    0x08019e6e   0x0000000d   Data   RO         4014    .constdata          STemWin522_CM4_Keil.lib(f13_ascii.o)
    0x08019e7b   0x0000000d   Data   RO         4015    .constdata          STemWin522_CM4_Keil.lib(f13_ascii.o)
    0x08019e88   0x0000000d   Data   RO         4016    .constdata          STemWin522_CM4_Keil.lib(f13_ascii.o)
    0x08019e95   0x0000000d   Data   RO         4017    .constdata          STemWin522_CM4_Keil.lib(f13_ascii.o)
    0x08019ea2   0x0000000d   Data   RO         4018    .constdata          STemWin522_CM4_Keil.lib(f13_ascii.o)
    0x08019eaf   0x0000000d   Data   RO         4019    .constdata          STemWin522_CM4_Keil.lib(f13_ascii.o)
    0x08019ebc   0x0000000d   Data   RO         4020    .constdata          STemWin522_CM4_Keil.lib(f13_ascii.o)
    0x08019ec9   0x0000000d   Data   RO         4021    .constdata          STemWin522_CM4_Keil.lib(f13_ascii.o)
    0x08019ed6   0x0000000d   Data   RO         4022    .constdata          STemWin522_CM4_Keil.lib(f13_ascii.o)
    0x08019ee3   0x0000000d   Data   RO         4023    .constdata          STemWin522_CM4_Keil.lib(f13_ascii.o)
    0x08019ef0   0x0000000d   Data   RO         4024    .constdata          STemWin522_CM4_Keil.lib(f13_ascii.o)
    0x08019efd   0x0000000d   Data   RO         4025    .constdata          STemWin522_CM4_Keil.lib(f13_ascii.o)
    0x08019f0a   0x00000002   PAD
    0x08019f0c   0x000002f8   Data   RO         4026    .constdata          STemWin522_CM4_Keil.lib(f13_ascii.o)
    0x0801a204   0x0000000c   Data   RO         4027    .constdata          STemWin522_CM4_Keil.lib(f13_ascii.o)
    0x0801a210   0x00000074   Data   RO         4046    .constdata          STemWin522_CM4_Keil.lib(guidev_32.o)
    0x0801a284   0x00000018   Data   RO         4094    .constdata          STemWin522_CM4_Keil.lib(guidev_usagebm.o)
    0x0801a29c   0x00000008   Data   RO         4109    .constdata          STemWin522_CM4_Keil.lib(guidev_writetoactiveopaque.o)
    0x0801a2a4   0x0000001c   Data   RO         4138    .constdata          STemWin522_CM4_Keil.lib(widget_effect_3d.o)
    0x0801a2c0   0x00000020   Data   RO         4444    Region$$Table       anon$$obj.o


    Execution Region RW_IRAM1 (Base: 0x20000000, Size: 0x00003b00, Max: 0x00030000, ABSOLUTE, COMPRESSED[0x00000108])

    Base Addr    Size         Type   Attr      Idx    E Section Name        Object

    0x20000000   0x00000010   Data   RW          152    .data               stm32f4xx_rcc.o
    0x20000010   0x00000010   Data   RW          981    .data               tm_stm32f4_delay.o
    0x20000020   0x00000001   Data   RW         1027    .data               tm_stm32f4_disco.o
    0x20000021   0x00000003   PAD
    0x20000024   0x00000010   Data   RW         1114    .data               tm_stm32f4_emwin.o
    0x20000034   0x00000010   Data   RW         1232    .data               tm_stm32f4_i2c.o
    0x20000044   0x00000004   Data   RW         1260    .data               tm_stm32f4_ili9341_ltdc.o
    0x20000048   0x00000001   Data   RW         1294    .data               tm_stm32f4_sdram.o
    0x20000049   0x00000003   PAD
    0x2000004c   0x00000040   Data   RW         1465    .data               guidrv_stm32f429i_discovery.o
    0x2000008c   0x00000018   Data   RW         1554    .data               main.o
    0x200000a4   0x00000014   Data   RW         1731    .data               system_stm32f4xx.o
    0x200000b8   0x00000008   Data   RW         1793    .data               STemWin522_CM4_Keil.lib(guicc_m1555i.o)
    0x200000c0   0x00000008   Data   RW         1807    .data               STemWin522_CM4_Keil.lib(guicc_m4444i.o)
    0x200000c8   0x00000008   Data   RW         1820    .data               STemWin522_CM4_Keil.lib(guicc_m565.o)
    0x200000d0   0x00000008   Data   RW         1833    .data               STemWin522_CM4_Keil.lib(guicc_m8888i.o)
    0x200000d8   0x00000028   Data   RW         1850    .data               STemWin522_CM4_Keil.lib(gui__alpha.o)
    0x20000100   0x00000008   Data   RW         1896    .data               STemWin522_CM4_Keil.lib(gui_alloc.o)
    0x20000108   0x0000002c   Data   RW         1943    .data               STemWin522_CM4_Keil.lib(gui_core.o)
    0x20000134   0x00000004   Data   RW         1944    .data               STemWin522_CM4_Keil.lib(gui_core.o)
    0x20000138   0x00000004   Data   RW         1945    .data               STemWin522_CM4_Keil.lib(gui_core.o)
    0x2000013c   0x00000004   Data   RW         1946    .data               STemWin522_CM4_Keil.lib(gui_core.o)
    0x20000140   0x00000004   Data   RW         1947    .data               STemWin522_CM4_Keil.lib(gui_core.o)
    0x20000144   0x00000002   Data   RW         1948    .data               STemWin522_CM4_Keil.lib(gui_core.o)
    0x20000146   0x00000002   Data   RW         1949    .data               STemWin522_CM4_Keil.lib(gui_core.o)
    0x20000148   0x0000002c   Data   RW         1998    .data               STemWin522_CM4_Keil.lib(gui_multibuf.o)
    0x20000174   0x0000000c   Data   RW         2020    .data               STemWin522_CM4_Keil.lib(gui_onkey.o)
    0x20000180   0x00000008   Data   RW         2038    .data               STemWin522_CM4_Keil.lib(gui_selectlayer.o)
    0x20000188   0x00000008   Data   RW         2114    .data               STemWin522_CM4_Keil.lib(guicc_m888.o)
    0x20000190   0x00000004   Data   RW         2139    .data               STemWin522_CM4_Keil.lib(lcd.o)
    0x20000194   0x00000010   Data   RW         2165    .data               STemWin522_CM4_Keil.lib(lcd_color.o)
    0x200001a4   0x0000003c   Data   RW         2785    .data               STemWin522_CM4_Keil.lib(button.o)
    0x200001e0   0x0000000c   Data   RW         2821    .data               STemWin522_CM4_Keil.lib(button_skin.o)
    0x200001ec   0x00000020   Data   RW         2830    .data               STemWin522_CM4_Keil.lib(button_skinflex.o)
    0x2000020c   0x00000020   Data   RW         2831    .data               STemWin522_CM4_Keil.lib(button_skinflex.o)
    0x2000022c   0x00000020   Data   RW         2832    .data               STemWin522_CM4_Keil.lib(button_skinflex.o)
    0x2000024c   0x00000020   Data   RW         2833    .data               STemWin522_CM4_Keil.lib(button_skinflex.o)
    0x2000026c   0x0000001c   Data   RW         2867    .data               STemWin522_CM4_Keil.lib(edit.o)
    0x20000288   0x00000058   Data   RW         2954    .data               STemWin522_CM4_Keil.lib(wm.o)
    0x200002e0   0x00000001   Data   RW         2955    .data               STemWin522_CM4_Keil.lib(wm.o)
    0x200002e1   0x00000003   PAD
    0x200002e4   0x00000004   Data   RW         3026    .data               STemWin522_CM4_Keil.lib(gui__bidirouting.o)
    0x200002e8   0x00000004   Data   RW         3031    .data               STemWin522_CM4_Keil.lib(gui__bidirouting.o)
    0x200002ec   0x0000000c   Data   RW         3067    .data               STemWin522_CM4_Keil.lib(gui__getcursorpos.o)
    0x200002f8   0x00000008   Data   RW         3082    .data               STemWin522_CM4_Keil.lib(gui__managecache.o)
    0x20000300   0x00000008   Data   RW         3160    .data               STemWin522_CM4_Keil.lib(gui_pid.o)
    0x20000308   0x0000000c   Data   RW         3324    .data               STemWin522_CM4_Keil.lib(gui_waitevent.o)
    0x20000314   0x00000004   Data   RW         3526    .data               STemWin522_CM4_Keil.lib(guidev_banding.o)
    0x20000318   0x00000001   Data   RW         3540    .data               STemWin522_CM4_Keil.lib(guidev_staticdevices.o)
    0x20000319   0x00000003   PAD
    0x2000031c   0x00000004   Data   RW         3591    .data               STemWin522_CM4_Keil.lib(widget.o)
    0x20000320   0x00000004   Data   RW         3622    .data               STemWin522_CM4_Keil.lib(wm__sendmessage.o)
    0x20000324   0x00000008   Data   RW         3686    .data               STemWin522_CM4_Keil.lib(wm_touch.o)
    0x2000032c   0x00000004   Data   RW         3726    .data               STemWin522_CM4_Keil.lib(gui_charline.o)
    0x20000330   0x00000020   Data   RW         3837    .data               STemWin522_CM4_Keil.lib(gui_setalpha.o)
    0x20000350   0x00000014   Data   RW         3899    .data               STemWin522_CM4_Keil.lib(gui_timer.o)
    0x20000364   0x00000014   Data   RW         4139    .data               STemWin522_CM4_Keil.lib(widget_effect_3d.o)
    0x20000378   0x00000004   Data   RW         4312    .data               STemWin522_CM4_Keil.lib(lcd_aa.o)
    0x2000037c   0x00000004   Data   RW         4440    .data               mc_w.l(mvars.o)
    0x20000380   0x00000004   Data   RW         4441    .data               mc_w.l(mvars.o)
    0x20000384   0x00000018   Zero   RW          979    .bss                tm_stm32f4_delay.o
    0x2000039c   0x00000016   Zero   RW         1059    .bss                tm_stm32f4_gpio.o
    0x200003b2   0x00000002   PAD
    0x200003b4   0x0000000c   Zero   RW         1113    .bss                tm_stm32f4_emwin.o
    0x200003c0   0x00000010   Zero   RW         1259    .bss                tm_stm32f4_ili9341_ltdc.o
    0x200003d0   0x00002d00   Zero   RW         1463    .bss                guidrv_stm32f429i_discovery.o
    0x200030d0   0x00000044   Zero   RW         1523    .bss                tm_stm32f4_dma2d_graphic.o
    0x20003114   0x0000015c   Zero   RW         1551    .bss                main.o
    0x20003270   0x000000c8   Zero   RW         1895    .bss                STemWin522_CM4_Keil.lib(gui_alloc.o)
    0x20003338   0x00000078   Zero   RW         1941    .bss                STemWin522_CM4_Keil.lib(gui_core.o)
    0x200033b0   0x00000058   Zero   RW         2019    .bss                STemWin522_CM4_Keil.lib(gui_onkey.o)
    0x20003408   0x0000000c   Zero   RW         2094    .bss                STemWin522_CM4_Keil.lib(gui_touch.o)
    0x20003414   0x00000018   Zero   RW         2953    .bss                STemWin522_CM4_Keil.lib(wm.o)
    0x2000342c   0x00000048   Zero   RW         3159    .bss                STemWin522_CM4_Keil.lib(gui_pid.o)
    0x20003474   0x00000048   Zero   RW         3685    .bss                STemWin522_CM4_Keil.lib(wm_touch.o)
    0x200034bc   0x00000028   Zero   RW         3759    .bss                STemWin522_CM4_Keil.lib(gui_curs1.o)
    0x200034e4   0x00000018   Zero   RW         4183    .bss                STemWin522_CM4_Keil.lib(wm_pid__getprevstate.o)
    0x200034fc   0x00000004   PAD
    0x20003500   0x00000200   Zero   RW            2    HEAP                startup_stm32f429_439xx.o
    0x20003700   0x00000400   Zero   RW            1    STACK               startup_stm32f429_439xx.o



  Load Region LR$$.ARM.__AT_0xD0080000 (Base: 0xd0080000, Size: 0x00000000, Max: 0x00080000, ABSOLUTE)

    Execution Region ER$$.ARM.__AT_0xD0080000 (Base: 0xd0080000, Size: 0x00080000, Max: 0x00080000, ABSOLUTE, UNINIT)

    Base Addr    Size         Type   Attr      Idx    E Section Name        Object

    0xd0080000   0x00080000   Zero   RW         1376    .ARM.__AT_0xD0080000  guiconf.o



  Load Region LR$$.ARM.__AT_0xD0100000 (Base: 0xd0100000, Size: 0x00000000, Max: 0x00400000, ABSOLUTE)

    Execution Region ER$$.ARM.__AT_0xD0100000 (Base: 0xd0100000, Size: 0x00400000, Max: 0x00400000, ABSOLUTE, UNINIT)

    Base Addr    Size         Type   Attr      Idx    E Section Name        Object

    0xd0100000   0x00400000   Zero   RW         1377    .ARM.__AT_0xD0100000  guiconf.o


==============================================================================

Image component sizes


      Code (inc. data)   RO Data    RW Data    ZI Data      Debug   Object Name

        72          8          0          0    4718592      49793   guiconf.o
      3056        228          8         64      11520      44146   guidrv_stm32f429i_discovery.o
      6120        464          0         24        348      41416   main.o
         0          0          0          0          0     312324   misc.o
        36          8        428          0       1536       1020   startup_stm32f429_439xx.o
       692         12          0          0          0       5435   stm32f4xx_dma2d.o
      1888         34         28          0          0       8946   stm32f4xx_fmc.o
       864         20          0          0          0       9483   stm32f4xx_i2c.o
        26          0          0          0          0       1448   stm32f4xx_it.o
      1132         18          0          0          0       8484   stm32f4xx_ltdc.o
      1156         48          0         16          0      13796   stm32f4xx_rcc.o
       812         36          0          0          0       7693   stm32f4xx_spi.o
       856         32          0          0          0       8600   stm32f4xx_usart.o
       408         36          0         20          0       1939   system_stm32f4xx.o
       384         20          0         16         24      33274   tm_stm32f4_delay.o
       132         14          0          1          0       3822   tm_stm32f4_disco.o
      3596         28          0          0         68      13801   tm_stm32f4_dma2d_graphic.o
       312          8          0         16         12      57358   tm_stm32f4_emwin.o
       668         14          0          0         22       5450   tm_stm32f4_gpio.o
      1126         44          0         16          0       7120   tm_stm32f4_i2c.o
      3894         80          0          4         16      18623   tm_stm32f4_ili9341_ltdc.o
       528         36          0          1          0       1744   tm_stm32f4_sdram.o
      1600         78          0          0          0       7125   tm_stm32f4_spi.o
       800         14          0          0          0       6920   tm_stm32f4_stmpe811.o

    ----------------------------------------------------------------------
     30164       1280        496        184    4732140     669760   Object Totals
         0          0         32          0          0          0   (incl. Generated)
         6          0          0          6          2          0   (incl. Padding)

    ----------------------------------------------------------------------

      Code (inc. data)   RO Data    RW Data    ZI Data      Debug   Library Member Name

       646         16          0         60          0       1208   button.o
        70          0          0          0          0        260   button_color.o
       206         12          0         12          0        388   button_skin.o
       336          0         12          0          0        252   button_skinclassic.o
       620         18         16        128          0        372   button_skinflex.o
      2160         18          0         28          0       2020   edit.o
         0          0       2155          0          0          0   f13_1.o
         0          0       2046          0          0          0   f13_ascii.o
         0          0       2696          0          0          0   f16b_ascii.o
         0          0       4248          0          0          0   f20_1.o
         0          0       4048          0          0          0   f20_ascii.o
         0          0       4792          0          0          0   f24_ascii.o
         0          0       1816          0          0          0   f6x8.o
       124          4          0          0          0        132   gui_2dlib.o
       866         52          0         40          0       1144   gui__alpha.o
         0          0          0          8          0          0   gui__bidirouting.o
       158          0          0          0          0        132   gui__calctextrect.o
       668          0          0          0          0        256   gui__compactpixelindices.o
         0          0         16          0          0          0   gui__divtbl_15_255.o
         0          0        256          0          0          0   gui__divtbl_255_15.o
         0          0        256          0          0          0   gui__divtbl_255_31.o
         0          0        256          0          0          0   gui__divtbl_255_63.o
         0          0         32          0          0          0   gui__divtbl_31_255.o
         0          0         64          0          0          0   gui__divtbl_63_255.o
       546          4          0          0          0        424   gui__drawtwinarc.o
       320          0          0          0          0        156   gui__expandpixelindices.o
       186         16          0         12          0        772   gui__getcursorpos.o
        26          0          0          0          0        128   gui__getnumchars.o
        24          0          0          0          0        116   gui__handleeoline.o
        58          0          0          0          0        116   gui__intersectrect.o
        82          0          0          0          0        128   gui__intersectrects.o
       188          8          0          8          0        248   gui__managecache.o
        76          0          0          0          0        124   gui__memset.o
        58          0          0          0          0        124   gui__memset16.o
        26          0          0          0          0        116   gui__reducerect.o
       108          0          0          0          0        136   gui__settext.o
        26          0          0          0          0        116   gui__sqrt32.o
        68          4          0          0          0        244   gui__strcmp.o
        20          0          0          0          0        116   gui__strlen.o
      1810        102          0          8        200       3124   gui_alloc.o
        36          0          0          0          0        128   gui_alloc_alloczero.o
        68          0          0          0          0        124   gui_calccolordist.o
        96         22          0          0          0        464   gui_char.o
       458         36          0          4          0        760   gui_charline.o
       394         12          0          0          0        492   gui_charm.o
       312         12          0          0          0        624   gui_charp.o
        20          0          0          0          0        116   gui_clearrectex.o
       460         78          8         64        120       1004   gui_core.o
       112          6          0          0         40        140   gui_curs1.o
       376         26          0          0          0        968   gui_device.o
       256          4          0          0          0        136   gui_dispstring.o
        16          4          0          0          0        116   gui_dispstringat.o
       400          4          0          0          0        392   gui_dispstringinrect.o
        44          0          0          0          0        136   gui_draw.o
       164          4          0          0          0        124   gui_drawfocusrect.o
       482         10          0          0          0        300   gui_drawgradient.o
        76          6          0          0          0        132   gui_drawhline.o
        64          4          0          0          0        128   gui_drawvline.o
        52          4          0          0          0        248   gui_exec.o
        72          4          0          0          0        132   gui_fillrect.o
       160          0          0          0          0        248   gui_getbitmappixelindex.o
        10          0          0          0          0        116   gui_getclientrect.o
        28          0          0          0          0        256   gui_getcolor.o
        12          4          0          0          0        116   gui_getdrawmode.o
        32         10          0          0          0        232   gui_getorg.o
        20          0          0          0          0        128   gui_getstringdistx.o
        52         12          0          0          0        360   gui_goto.o
        96          6          0          0          0        132   gui_invertrect.o
        88          0          0          0          0        124   gui_mergerect.o
        30          0          0          0          0        116   gui_moverect.o
        44          6          0         44          0        116   gui_multibuf.o
       110         20          0         12         88        592   gui_onkey.o
        16          4          0          0          0        116   gui_pen.o
       256         36          0          8         72        732   gui_pid.o
        78          0          0          0          0        128   gui_realloc.o
        56          0          0          0          0        116   gui_rectsintersect.o
        32         10          0          0          0        232   gui_savecontext.o
        82         12          0          8          0        488   gui_selectlayer.o
        18          0          0          0          0        128   gui_selectlcd.o
        36          4          0         32          0        124   gui_setalpha.o
         8          0          0          0          0        232   gui_setcolor.o
        64          6          0          0          0        128   gui_setdefault.o
         4          0          0          0          0        116   gui_setdrawmode.o
        20          6          0          0          0        116   gui_setfont.o
        16          4          0          0          0        116   gui_setlinestyle.o
        56         18          0          0          0        128   gui_setorg.o
       808         64         52          0          0       2736   gui_setorientation.o
      1678         22         32          0          0       1616   gui_setorientationc0.o
      1952         22         32          0          0       1608   gui_setorientationc16.o
      1942         24         32          0          0       1608   gui_setorientationc32.o
      1914         28         32          0          0       1612   gui_setorientationc8.o
        20          6          0          0          0        116   gui_settextalign.o
        20          6          0          0          0        116   gui_settextmode.o
      1172          4          0          0          0        936   gui_sprite.o
         4          0          0          0          0        116   gui_time.o
       538         20          0         20          0       1156   gui_timer.o
        40          4          0          0         12        132   gui_touch.o
       176         30          0          0          0        860   gui_uc.o
        18          0         16          0          0        464   gui_uc_encodenone.o
       208          8         16          0          0        592   gui_uc_encodeutf8.o
        16          4          0         12          0        116   gui_waitevent.o
       198          0         24          0          0        388   guicc_0.o
       172          0         24          0          0        376   guicc_16.o
       228         36         24          0          0        636   guicc_1616i.o
       186          0         24          0          0        356   guicc_8666.o
       202         18         24          0          0        636   guicc_88666i.o
        36          0         24          0          0        480   guicc_8888.o
         2          0          0          0          0        116   guicc_8888_index2color.o
         2          0          0          0          0        116   guicc_888_index2color.o
       306         32         24          8          0        768   guicc_m1555i.o
       304         20         24          8          0        768   guicc_m4444i.o
       226         40         24          8          0        644   guicc_m565.o
        44         10          0          0          0        124   guicc_m565_index2color.o
       142         16         24          8          0        636   guicc_m888.o
       218         12         24          8          0        768   guicc_m8888i.o
        20          0          0          0          0        116   guicc_m888_index2color.o
       760         38          0          0          0       1060   guidev.o
      2268         60        116          0          0       2092   guidev_16.o
      2320         62        116          0          0       2244   guidev_32.o
       300         10          0          4          0        260   guidev_banding.o
        60          6          0          0          0        124   guidev_clear.o
        22          0          0          0          0        128   guidev_getdataptr.o
        40          6          0          0          0        128   guidev_getysize.o
        44          4          0          0          0        128   guidev_reduceysize.o
        88          4          0          0          0        128   guidev_setorg.o
       308         12          0          1          0        272   guidev_staticdevices.o
        76          0          0          0          0        260   guidev_usage.o
       452          6         24          0          0        748   guidev_usagebm.o
       106          4          0          0          0        244   guidev_write.o
       280         14          0          0          0        144   guidev_writetoactivealpha.o
      1698         18          8          0          0        576   guidev_writetoactiveopaque.o
      2972        180         52          0          0       4456   guidrv_lin_16.o
      1734        118         12          4          0       2292   lcd.o
        16          6          0          4          0        116   lcd_aa.o
       264         26          0         16          0        744   lcd_color.o
        32         12          0          0          0        232   lcd_getcolorindex.o
       426         38          0          0          0       2716   lcd_getex.o
        26          0          0          0          0        128   lcd_getnumdisplays.o
         0          0        256          0          0          0   lcd_mirror.o
       504         18          0          0          0        276   lcd_readrect.o
        68         10          0          0          0        128   lcd_selectlcd.o
       304          0          0          0          0        920   lcd_set.o
        48         10          0          0          0        128   lcd_setcliprectex.o
        36          4          0          0          0        128   lcd_updatecolorindices.o
       612          4          0          4          0       1268   widget.o
       284          8         28         20          0        532   widget_effect_3d.o
       264          4          0          0          0        132   widget_fillstringinrect.o
      4590        230          0         89         24       6680   wm.o
        44          0          0          0          0        128   wm__foreachdesc.o
        18          0          0          0          0        124   wm__getfirstsibling.o
        36          0          0          0          0        128   wm__getprevsibling.o
        34          0          0          0          0        128   wm__isancestor.o
        22          0          0          0          0        124   wm__isenabled.o
        20          0          0          0          0        116   wm__screen2client.o
        60          6          0          4          0        136   wm__sendmessage.o
        28          0          0          0          0        140   wm__sendmessageifenabled.o
        38          0          0          0          0        128   wm__sendmessagenopara.o
       220          0          0          0          0        144   wm__updatechildpositions.o
       126          0          0          0          0        140   wm_bringtobottom.o
       120          6          0          0          0        360   wm_bringtotop.o
        60         12          0          0          0        232   wm_criticalhandle.o
         4          0          0          0          0        116   wm_foreachdesc.o
        64         10          0          0          0        360   wm_getclientrect.o
        24         10          0          0          0        116   wm_getdesktopwindow.o
        20          4          0          0          0        116   wm_getdesktopwindowex.o
        14          0          0          0          0        124   wm_getfirstchild.o
        14          0          0          0          0        124   wm_getparent.o
        78          0          0          0          0        372   wm_getwindowsize.o
         4          0          0          0          0        116   wm_iswindow.o
       266          0          0          0          0        396   wm_move.o
        16          0          0          0          0        124   wm_notifyparent.o
        56          8          0          0          0        132   wm_onkey.o
        28          4          0          0         24        116   wm_pid__getprevstate.o
       238          0          0          0          0        136   wm_resizewindow.o
       184          6          0          0          0        504   wm_screen2win.o
         4          0          0          0          0        116   wm_sendmessagenopara.o
        30          0          0          0          0        140   wm_sendtoparent.o
        48          8          0          0          0        244   wm_setcapture.o
       156          8          0          0          0        136   wm_setfocus.o
        62          0          0          0          0        132   wm_setsize.o
        64          6          0          0          0        128   wm_settrans.o
        24          6          0          0          0        124   wm_setusercliprect.o
       146          0          0          0          0        388   wm_timer.o
      1056         38          0          8         72        532   wm_touch.o
        44          4          0          0          0        124   wm_validatewindow.o
        86          0          0          0          0          0   __dczerorl2.o
         0          0          0          0          0          0   entry.o
         0          0          0          0          0          0   entry10a.o
         0          0          0          0          0          0   entry11a.o
         8          4          0          0          0          0   entry2.o
         4          0          0          0          0          0   entry5.o
         0          0          0          0          0          0   entry7b.o
         0          0          0          0          0          0   entry8b.o
         8          4          0          0          0          0   entry9a.o
        30          0          0          0          0          0   handlers.o
        36          8          0          0          0         68   init.o
       188         20          0          0          0        160   malloc.o
        26          0          0          0          0         80   memcmp.o
        64          0          0          0          0         76   memmovea.o
        36          0          0          0          0        108   memseta.o
         0          0          0          8          0          0   mvars.o
        18          0          0          0          0         68   strcpy.o
        14          0          0          0          0         68   strlen.o

    ----------------------------------------------------------------------
     52764       2158      23808        716        656      82148   Library Totals
       124          0          3          6          4          0   (incl. Padding)

    ----------------------------------------------------------------------

      Code (inc. data)   RO Data    RW Data    ZI Data      Debug   Library Name

     52122       2122      23805        702        652      81520   STemWin522_CM4_Keil.lib
       518         36          0          8          0        628   mc_w.l

    ----------------------------------------------------------------------
     52764       2158      23808        716        656      82148   Library Totals

    ----------------------------------------------------------------------

==============================================================================


      Code (inc. data)   RO Data    RW Data    ZI Data      Debug   

     82928       3438      24304        900    4732796     681832   Grand Totals
     82928       3438      24304        264    4732796     681832   ELF Image Totals (compressed)
     82928       3438      24304        264          0          0   ROM Totals

==============================================================================

    Total RO  Size (Code + RO Data)               107232 ( 104.72kB)
    Total RW  Size (RW Data + ZI Data)           4733696 (4622.75kB)
    Total ROM Size (Code + RO Data + RW Data)     107496 ( 104.98kB)

==============================================================================

